Component: ARM Compiler 5.06 update 6 (build 750) Tool: armlink [4d35ed]

==============================================================================

Section Cross References

    main.o(i.icm20608_send_data) refers to main.o(i.usart1_niming_report) for usart1_niming_report
    main.o(i.main) refers to _printf_percent.o(.ARM.Collect$$_printf_percent$$00000000) for _printf_percent
    main.o(i.main) refers to _printf_d.o(.ARM.Collect$$_printf_percent$$00000009) for _printf_d
    main.o(i.main) refers to _printf_dec.o(.text) for _printf_int_dec
    main.o(i.main) refers to stm32l4xx_hal.o(i.HAL_Init) for HAL_Init
    main.o(i.main) refers to sys.o(i.SystemClock_Config) for SystemClock_Config
    main.o(i.main) refers to delay.o(i.delay_init) for delay_init
    main.o(i.main) refers to usart.o(i.uart_init) for uart_init
    main.o(i.main) refers to icm20608.o(i.ICM20608_Init) for ICM20608_Init
    main.o(i.main) refers to w25qxx.o(i.W25QXX_Init) for W25QXX_Init
    main.o(i.main) refers to malloc.o(i.my_mem_init) for my_mem_init
    main.o(i.main) refers to sd_card.o(i.SD_Init) for SD_Init
    main.o(i.main) refers to exfuns.o(i.exfuns_init) for exfuns_init
    main.o(i.main) refers to ff.o(i.f_mount) for f_mount
    main.o(i.main) refers to ff.o(i.f_mkfs) for f_mkfs
    main.o(i.main) refers to ff.o(i.f_setlabel) for f_setlabel
    main.o(i.main) refers to delay.o(i.delay_ms) for delay_ms
    main.o(i.main) refers to inv_icm20608.o(i.mpu_mpl_init) for mpu_mpl_init
    main.o(i.main) refers to inv_icm20608.o(i.mpu_mpl_get_data) for mpu_mpl_get_data
    main.o(i.main) refers to icm20608.o(i.MPU_Get_Accelerometer) for MPU_Get_Accelerometer
    main.o(i.main) refers to icm20608.o(i.MPU_Get_Gyroscope) for MPU_Get_Gyroscope
    main.o(i.main) refers to main.o(i.icm20608_send_data) for icm20608_send_data
    main.o(i.main) refers to main.o(i.usart1_report_imu) for usart1_report_imu
    main.o(i.main) refers to ff.o(i.f_open) for f_open
    main.o(i.main) refers to ff.o(i.f_lseek) for f_lseek
    main.o(i.main) refers to __2sprintf.o(.text) for __2sprintf
    main.o(i.main) refers to strlen.o(.text) for strlen
    main.o(i.main) refers to ff.o(i.f_write) for f_write
    main.o(i.main) refers to ff.o(i.f_close) for f_close
    main.o(i.main) refers to exfuns.o(.data) for fs
    main.o(i.usart1_niming_report) refers to main.o(i.usart1_send_char) for usart1_send_char
    main.o(i.usart1_report_imu) refers to main.o(i.usart1_niming_report) for usart1_niming_report
    main.o(i.usart1_send_char) refers to usart.o(.bss) for UART1_Handler
    stm32l4xx_it.o(i.SysTick_Handler) refers to stm32l4xx_hal.o(i.HAL_IncTick) for HAL_IncTick
    system_stm32l4xx.o(i.SystemCoreClockUpdate) refers to system_stm32l4xx.o(.constdata) for .constdata
    system_stm32l4xx.o(i.SystemCoreClockUpdate) refers to system_stm32l4xx.o(.data) for .data
    startup_stm32l475xx.o(STACK) refers (Special) to heapauxi.o(.text) for __use_two_region_memory
    startup_stm32l475xx.o(HEAP) refers (Special) to heapauxi.o(.text) for __use_two_region_memory
    startup_stm32l475xx.o(RESET) refers (Special) to heapauxi.o(.text) for __use_two_region_memory
    startup_stm32l475xx.o(RESET) refers to startup_stm32l475xx.o(STACK) for __initial_sp
    startup_stm32l475xx.o(RESET) refers to startup_stm32l475xx.o(.text) for Reset_Handler
    startup_stm32l475xx.o(RESET) refers to stm32l4xx_it.o(i.NMI_Handler) for NMI_Handler
    startup_stm32l475xx.o(RESET) refers to stm32l4xx_it.o(i.HardFault_Handler) for HardFault_Handler
    startup_stm32l475xx.o(RESET) refers to stm32l4xx_it.o(i.MemManage_Handler) for MemManage_Handler
    startup_stm32l475xx.o(RESET) refers to stm32l4xx_it.o(i.BusFault_Handler) for BusFault_Handler
    startup_stm32l475xx.o(RESET) refers to stm32l4xx_it.o(i.UsageFault_Handler) for UsageFault_Handler
    startup_stm32l475xx.o(RESET) refers to stm32l4xx_it.o(i.SVC_Handler) for SVC_Handler
    startup_stm32l475xx.o(RESET) refers to stm32l4xx_it.o(i.DebugMon_Handler) for DebugMon_Handler
    startup_stm32l475xx.o(RESET) refers to stm32l4xx_it.o(i.PendSV_Handler) for PendSV_Handler
    startup_stm32l475xx.o(RESET) refers to stm32l4xx_it.o(i.SysTick_Handler) for SysTick_Handler
    startup_stm32l475xx.o(RESET) refers to usmart.o(i.TIM4_IRQHandler) for TIM4_IRQHandler
    startup_stm32l475xx.o(RESET) refers to usart.o(i.USART1_IRQHandler) for USART1_IRQHandler
    startup_stm32l475xx.o(.text) refers (Special) to heapauxi.o(.text) for __use_two_region_memory
    startup_stm32l475xx.o(.text) refers to system_stm32l4xx.o(i.SystemInit) for SystemInit
    startup_stm32l475xx.o(.text) refers to __main.o(!!!main) for __main
    startup_stm32l475xx.o(.text) refers to startup_stm32l475xx.o(HEAP) for Heap_Mem
    startup_stm32l475xx.o(.text) refers to startup_stm32l475xx.o(STACK) for Stack_Mem
    stm32l4xx_hal.o(i.HAL_DeInit) refers to stm32l4xx_hal.o(i.HAL_MspDeInit) for HAL_MspDeInit
[...]
    my_mem_free                              0x0800d889   Thumb Code    78  malloc.o(i.my_mem_free)
    my_mem_init                              0x0800d8e1   Thumb Code    34  malloc.o(i.my_mem_init)
    my_mem_malloc                            0x0800d90d   Thumb Code   126  malloc.o(i.my_mem_malloc)
    my_mem_perused                           0x0800d995   Thumb Code    50  malloc.o(i.my_mem_perused)
    myfree                                   0x0800d9d1   Thumb Code    20  malloc.o(i.myfree)
    mymalloc                                 0x0800d9e9   Thumb Code    28  malloc.o(i.mymalloc)
    mymemset                                 0x0800da09   Thumb Code    12  malloc.o(i.mymemset)
    read_addr                                0x0800dbb5   Thumb Code     4  usmart.o(i.read_addr)
    sqrtf                                    0x0800dce1   Thumb Code    62  sqrtf.o(i.sqrtf)
    uart_init                                0x0800df0d   Thumb Code    60  usart.o(i.uart_init)
    usart1_niming_report                     0x0800df51   Thumb Code   100  main.o(i.usart1_niming_report)
    usart1_report_imu                        0x0800dfb5   Thumb Code    56  main.o(i.usart1_report_imu)
    usart1_send_char                         0x0800dfed   Thumb Code    18  main.o(i.usart1_send_char)
    usmart_cmd_rec                           0x0800e009   Thumb Code   144  usmart.o(i.usmart_cmd_rec)
    usmart_exe                               0x0800e09d   Thumb Code   510  usmart.o(i.usmart_exe)
    usmart_get_aparm                         0x0800e2fd   Thumb Code   164  usmart_str.o(i.usmart_get_aparm)
    usmart_get_cmdname                       0x0800e3a1   Thumb Code    46  usmart_str.o(i.usmart_get_cmdname)
    usmart_get_fname                         0x0800e3d1   Thumb Code   352  usmart_str.o(i.usmart_get_fname)
    usmart_get_fparam                        0x0800e541   Thumb Code   202  usmart_str.o(i.usmart_get_fparam)
    usmart_get_parmpos                       0x0800e611   Thumb Code    30  usmart_str.o(i.usmart_get_parmpos)
    usmart_get_runtime                       0x0800e635   Thumb Code    38  usmart.o(i.usmart_get_runtime)
    usmart_init                              0x0800e665   Thumb Code    36  usmart.o(i.usmart_init)
    usmart_pow                               0x0800e68d   Thumb Code    16  usmart_str.o(i.usmart_pow)
    usmart_reset_runtime                     0x0800e69d   Thumb Code    32  usmart.o(i.usmart_reset_runtime)
    usmart_scan                              0x0800e6c5   Thumb Code    94  usmart.o(i.usmart_scan)
    usmart_search_nextc                      0x0800e769   Thumb Code    16  usmart_str.o(i.usmart_search_nextc)
    usmart_str2num                           0x0800e779   Thumb Code   214  usmart_str.o(i.usmart_str2num)
    usmart_strcmp                            0x0800e84f   Thumb Code    24  usmart_str.o(i.usmart_strcmp)
    usmart_strcopy                           0x0800e867   Thumb Code    18  usmart_str.o(i.usmart_strcopy)
    usmart_strlen                            0x0800e879   Thumb Code    18  usmart_str.o(i.usmart_strlen)
    usmart_sys_cmd_exe                       0x0800e88d   Thumb Code  1458  usmart.o(i.usmart_sys_cmd_exe)
    write_addr                               0x0800ef3f   Thumb Code     4  usmart.o(i.write_addr)
    _get_lc_numeric                          0x0800efb5   Thumb Code    44  lc_numeric_c.o(locale$$code)
    _get_lc_ctype                            0x0800efe1   Thumb Code    44  lc_ctype_c.o(locale$$code)
    __aeabi_d2f                              0x0800f00d   Thumb Code     0  d2f.o(x$fpl$d2f)
    _d2f                                     0x0800f00d   Thumb Code    98  d2f.o(x$fpl$d2f)
    __aeabi_ddiv                             0x0800f071   Thumb Code     0  ddiv.o(x$fpl$ddiv)
    _ddiv                                    0x0800f071   Thumb Code   552  ddiv.o(x$fpl$ddiv)
    __aeabi_d2iz                             0x0800f321   Thumb Code     0  dfix.o(x$fpl$dfix)
    _dfix                                    0x0800f321   Thumb Code    94  dfix.o(x$fpl$dfix)
    __aeabi_i2d                              0x0800f37f   Thumb Code     0  dflt_clz.o(x$fpl$dflt)
    _dflt                                    0x0800f37f   Thumb Code    46  dflt_clz.o(x$fpl$dflt)
    __aeabi_dmul                             0x0800f3ad   Thumb Code     0  dmul.o(x$fpl$dmul)
    _dmul                                    0x0800f3ad   Thumb Code   332  dmul.o(x$fpl$dmul)
    __fpl_dnaninf                            0x0800f501   Thumb Code   156  dnaninf.o(x$fpl$dnaninf)
    __fpl_dretinf                            0x0800f59d   Thumb Code    12  dretinf.o(x$fpl$dretinf)
    __aeabi_f2d                              0x0800f5a9   Thumb Code     0  f2d.o(x$fpl$f2d)
    _f2d                                     0x0800f5a9   Thumb Code    86  f2d.o(x$fpl$f2d)
    __aeabi_ul2f                             0x0800f5ff   Thumb Code     0  ffltll_clz.o(x$fpl$ffltll)
    _ll_uto_f                                0x0800f5ff   Thumb Code     6  ffltll_clz.o(x$fpl$ffltll)
    __aeabi_l2f                              0x0800f605   Thumb Code     0  ffltll_clz.o(x$fpl$ffltll)
    _ll_sto_f                                0x0800f605   Thumb Code    90  ffltll_clz.o(x$fpl$ffltll)
    __fpl_fnaninf                            0x0800f65f   Thumb Code   140  fnaninf.o(x$fpl$fnaninf)
    _fp_init                                 0x0800f6eb   Thumb Code    10  fpinit.o(x$fpl$fpinit)
    __fplib_config_fpu_vfp                   0x0800f6f3   Thumb Code     0  fpinit.o(x$fpl$fpinit)
    __fplib_config_pureend_doubles           0x0800f6f3   Thumb Code     0  fpinit.o(x$fpl$fpinit)
    __fpl_fretinf                            0x0800f6f5   Thumb Code    10  fretinf.o(x$fpl$fretinf)
    __aeabi_f2lz                             0x0800f701   Thumb Code     0  ffixll.o(x$fpl$llsfromf)
    _ll_sfrom_f                              0x0800f701   Thumb Code   134  ffixll.o(x$fpl$llsfromf)
    _printf_fp_dec                           0x0800f787   Thumb Code     4  printf1.o(x$fpl$printf1)
    _printf_fp_hex                           0x0800f78b   Thumb Code     4  printf2.o(x$fpl$printf2)
    __I$use$fp                               0x0800f78e   Number         0  usenofp.o(x$fpl$usenofp)
    AHBPrescTable                            0x0800f790   Data          16  system_stm32l4xx.o(.constdata)
    MSIRangeTable                            0x0800f7a0   Data          48  system_stm32l4xx.o(.constdata)
    APBPrescTable                            0x0800f7d0   Data           8  system_stm32l4xx.o(.constdata)
    memtblsize                               0x0800f7d8   Data           8  malloc.o(.constdata)
    memblksize                               0x0800f7e0   Data           8  malloc.o(.constdata)
    memsize                                  0x0800f7e8   Data           8  malloc.o(.constdata)
    reg                                      0x0803a3f0   Data          39  inv_icm20608.o(.constdata)
    hw                                       0x0803a418   Data          12  inv_icm20608.o(.constdata)
    test                                     0x0803a424   Data          48  inv_icm20608.o(.constdata)
    ml_ver                                   0x0803a454   Data          20  mpl.o(.constdata)
    Region$$Table$$Base                      0x0803a8a4   Number         0  anon$$obj.o(Region$$Table)
    Region$$Table$$Limit                     0x0803a8c4   Number         0  anon$$obj.o(Region$$Table)
    __ctype                                  0x0803a8ed   Data           0  lc_ctype_c.o(locale$$data)
    mem2base                                 0x10000000   Data       30720  malloc.o(.ARM.__AT_0x10000000)
    mem2mapbase                              0x10007800   Data        1920  malloc.o(.ARM.__AT_0x10007800)
    SystemCoreClock                          0x20000000   Data           4  system_stm32l4xx.o(.data)
    uwTick                                   0x20000004   Data           4  stm32l4xx_hal.o(.data)
    USART_RX_STA                             0x2000000c   Data           2  usart.o(.data)
    __stdout                                 0x20000010   Data           4  usart.o(.data)
    W25QXX_TYPE                              0x20000014   Data           2  w25qxx.o(.data)
    mallco_dev                               0x20000018   Data          28  malloc.o(.data)
    SD_Type                                  0x20000034   Data           1  sd_card.o(.data)
    sys_cmd_tab                              0x20000038   Data          28  usmart.o(.data)
    usmart_nametab                           0x20000054   Data         200  usmart_config.o(.data)
    usmart_dev                               0x2000011c   Data         244  usmart_config.o(.data)
    file                                     0x2000021c   Data           4  exfuns.o(.data)
    ftemp                                    0x20000220   Data           4  exfuns.o(.data)
    fatbuf                                   0x20000224   Data           4  exfuns.o(.data)
    fs                                       0x20000228   Data           8  exfuns.o(.data)
    br                                       0x20000230   Data           4  exfuns.o(.data)
    bw                                       0x20000234   Data           4  exfuns.o(.data)
    mpl_key                                  0x20000270   Data           4  inv_icm20608.o(.data)
    USART_RX_BUF                             0x20000278   Data         200  usart.o(.bss)
    UART1_Handler                            0x20000340   Data         120  usart.o(.bss)
    QSPI_Handler                             0x200003b8   Data          68  qspi.o(.bss)
    W25QXX_BUFFER                            0x200003fc   Data        4096  w25qxx.o(.bss)
    mem1base                                 0x20001400   Data       65536  malloc.o(.bss)
    mem1mapbase                              0x20011400   Data        4096  malloc.o(.bss)
    SPI1_Handler                             0x20012400   Data         100  spi1.o(.bss)
    TIM4_Handler                             0x20012464   Data          64  usmart.o(.bss)
    fileinfo                                 0x200124a8   Data         288  exfuns.o(.bss)
    dir                                      0x200125c8   Data          72  exfuns.o(.bss)
    fnm                                      0x20012b88   Data         608  fast_no_motion.o(.bss)
    s9axis                                   0x20012e28   Data         312  fusion_9axis.o(.bss)
    mag_disturb                              0x20013190   Data         184  mag_disturb.o(.bss)
    __libspace_start                         0x20013248   Data          96  libspace.o(.bss)
    __temporary_stack_top$libspace           0x200132a8   Data           0  libspace.o(.bss)



==============================================================================

Memory Map of the image

  Image Entry point : 0x08000189

  Load Region LR_IROM1 (Base: 0x08000000, Size: 0x0003ac68, Max: 0x00080000, ABSOLUTE, COMPRESSED[0x0003aaf0])

    Execution Region ER_IROM1 (Exec base: 0x08000000, Load base: 0x08000000, Size: 0x0003a9f0, Max: 0x00080000, ABSOLUTE)

    Exec Addr    Load Addr    Size         Type   Attr      Idx    E Section Name        Object

    0x08000000   0x08000000   0x00000188   Data   RO          608    RESET               startup_stm32l475xx.o
    0x08000188   0x08000188   0x00000008   Code   RO         8171  * !!!main             c_w.l(__main.o)
    0x08000190   0x08000190   0x00000034   Code   RO         8774    !!!scatter          c_w.l(__scatter.o)
    0x080001c4   0x080001c4   0x0000005a   Code   RO         8772    !!dczerorl2         c_w.l(__dczerorl2.o)
    0x0800021e   0x0800021e   0x00000002   PAD
    0x08000220   0x08000220   0x0000001c   Code   RO         8776    !!handler_zi        c_w.l(__scatter_zi.o)
    0x0800023c   0x0800023c   0x00000000   Code   RO         8149    .ARM.Collect$$_printf_percent$$00000000  c_w.l(_printf_percent.o)
    0x0800023c   0x0800023c   0x00000006   Code   RO         8455    .ARM.Collect$$_printf_percent$$00000001  c_w.l(_printf_n.o)
    0x08000242   0x08000242   0x00000006   Code   RO         8456    .ARM.Collect$$_printf_percent$$00000002  c_w.l(_printf_p.o)
    0x08000248   0x08000248   0x00000006   Code   RO         8148    .ARM.Collect$$_printf_percent$$00000003  c_w.l(_printf_f.o)
    0x0800024e   0x0800024e   0x00000006   Code   RO         8459    .ARM.Collect$$_printf_percent$$00000004  c_w.l(_printf_e.o)
    0x08000254   0x08000254   0x00000006   Code   RO         8460    .ARM.Collect$$_printf_percent$$00000005  c_w.l(_printf_g.o)
    0x0800025a   0x0800025a   0x00000006   Code   RO         8461    .ARM.Collect$$_printf_percent$$00000006  c_w.l(_printf_a.o)
    0x08000260   0x08000260   0x0000000a   Code   RO         8465    .ARM.Collect$$_printf_percent$$00000007  c_w.l(_printf_ll.o)
    0x0800026a   0x0800026a   0x00000006   Code   RO         8458    .ARM.Collect$$_printf_percent$$00000008  c_w.l(_printf_i.o)
    0x08000270   0x08000270   0x00000006   Code   RO         8146    .ARM.Collect$$_printf_percent$$00000009  c_w.l(_printf_d.o)
    0x08000276   0x08000276   0x00000006   Code   RO         8147    .ARM.Collect$$_printf_percent$$0000000A  c_w.l(_printf_u.o)
    0x0800027c   0x0800027c   0x00000006   Code   RO         8457    .ARM.Collect$$_printf_percent$$0000000B  c_w.l(_printf_o.o)
    0x08000282   0x08000282   0x00000006   Code   RO         8145    .ARM.Collect$$_printf_percent$$0000000C  c_w.l(_printf_x.o)
    0x08000288   0x08000288   0x00000006   Code   RO         8463    .ARM.Collect$$_printf_percent$$0000000D  c_w.l(_printf_lli.o)
    0x0800028e   0x0800028e   0x00000006   Code   RO         8150    .ARM.Collect$$_printf_percent$$0000000E  c_w.l(_printf_lld.o)
    0x08000294   0x08000294   0x00000006   Code   RO         8464    .ARM.Collect$$_printf_percent$$0000000F  c_w.l(_printf_llu.o)
    0x0800029a   0x0800029a   0x00000006   Code   RO         8469    .ARM.Collect$$_printf_percent$$00000010  c_w.l(_printf_llo.o)
    0x080002a0   0x080002a0   0x00000006   Code   RO         8470    .ARM.Collect$$_printf_percent$$00000011  c_w.l(_printf_llx.o)
    0x080002a6   0x080002a6   0x0000000a   Code   RO         8466    .ARM.Collect$$_printf_percent$$00000012  c_w.l(_printf_l.o)
    0x080002b0   0x080002b0   0x00000006   Code   RO         8143    .ARM.Collect$$_printf_percent$$00000013  c_w.l(_printf_c.o)
    0x080002b6   0x080002b6   0x00000006   Code   RO         8144    .ARM.Collect$$_printf_percent$$00000014  c_w.l(_printf_s.o)
    0x080002bc   0x080002bc   0x00000006   Code   RO         8467    .ARM.Collect$$_printf_percent$$00000015  c_w.l(_printf_lc.o)
    0x080002c2   0x080002c2   0x00000006   Code   RO         8468    .ARM.Collect$$_printf_percent$$00000016  c_w.l(_printf_ls.o)
    0x080002c8   0x080002c8   0x00000004   Code   RO         8462    .ARM.Collect$$_printf_percent$$00000017  c_w.l(_printf_percent_end.o)
    0x080002cc   0x080002cc   0x00000002   Code   RO         8642    .ARM.Collect$$libinit$$00000000  c_w.l(libinit.o)
    0x080002ce   0x080002ce   0x00000004   Code   RO         8643    .ARM.Collect$$libinit$$00000001  c_w.l(libinit2.o)
    0x080002d2   0x080002d2   0x00000000   Code   RO         8646    .ARM.Collect$$libinit$$00000004  c_w.l(libinit2.o)
    0x080002d2   0x080002d2   0x00000000   Code   RO         8649    .ARM.Collect$$libinit$$0000000A  c_w.l(libinit2.o)
    0x080002d2   0x080002d2   0x00000000   Code   RO         8651    .ARM.Collect$$libinit$$0000000C  c_w.l(libinit2.o)
    0x080002d2   0x080002d2   0x00000000   Code   RO         8653    .ARM.Collect$$libinit$$0000000E  c_w.l(libinit2.o)
    0x080002d2   0x080002d2   0x00000006   Code   RO         8654    .ARM.Collect$$libinit$$0000000F  c_w.l(libinit2.o)
    0x080002d8   0x080002d8   0x00000000   Code   RO         8656    .ARM.Collect$$libinit$$00000011  c_w.l(libinit2.o)
    0x080002d8   0x080002d8   0x0000000c   Code   RO         8657    .ARM.Collect$$libinit$$00000012  c_w.l(libinit2.o)
    0x080002e4   0x080002e4   0x00000000   Code   RO         8658    .ARM.Collect$$libinit$$00000013  c_w.l(libinit2.o)
    0x080002e4   0x080002e4   0x00000000   Code   RO         8660    .ARM.Collect$$libinit$$00000015  c_w.l(libinit2.o)
    0x080002e4   0x080002e4   0x0000000a   Code   RO         8661    .ARM.Collect$$libinit$$00000016  c_w.l(libinit2.o)
    0x080002ee   0x080002ee   0x00000000   Code   RO         8662    .ARM.Collect$$libinit$$00000017  c_w.l(libinit2.o)
    0x080002ee   0x080002ee   0x00000000   Code   RO         8664    .ARM.Collect$$libinit$$00000019  c_w.l(libinit2.o)
    0x080002ee   0x080002ee   0x00000000   Code   RO         8666    .ARM.Collect$$libinit$$0000001B  c_w.l(libinit2.o)
    0x080002ee   0x080002ee   0x00000000   Code   RO         8668    .ARM.Collect$$libinit$$0000001D  c_w.l(libinit2.o)
    0x080002ee   0x080002ee   0x00000000   Code   RO         8670    .ARM.Collect$$libinit$$0000001F  c_w.l(libinit2.o)
    0x080002ee   0x080002ee   0x00000000   Code   RO         8672    .ARM.Collect$$libinit$$00000021  c_w.l(libinit2.o)
    0x080002ee   0x080002ee   0x00000000   Code   RO         8674    .ARM.Collect$$libinit$$00000023  c_w.l(libinit2.o)
    0x080002ee   0x080002ee   0x00000000   Code   RO         8676    .ARM.Collect$$libinit$$00000025  c_w.l(libinit2.o)
    0x080002ee   0x080002ee   0x00000000   Code   RO         8680    .ARM.Collect$$libinit$$0000002C  c_w.l(libinit2.o)
    0x080002ee   0x080002ee   0x00000000   Code   RO         8682    .ARM.Collect$$libinit$$0000002E  c_w.l(libinit2.o)
    0x080002ee   0x080002ee   0x00000000   Code   RO         8684    .ARM.Collect$$libinit$$00000030  c_w.l(libinit2.o)
    0x080002ee   0x080002ee   0x00000000   Code   RO         8686    .ARM.Collect$$libinit$$00000032  c_w.l(libinit2.o)
    0x080002ee   0x080002ee   0x00000002   Code   RO         8687    .ARM.Collect$$libinit$$00000033  c_w.l(libinit2.o)
    0x080002f0   0x080002f0   0x00000002   Code   RO         8736    .ARM.Collect$$libshutdown$$00000000  c_w.l(libshutdown.o)
    0x080002f2   0x080002f2   0x00000000   Code   RO         8755    .ARM.Collect$$libshutdown$$00000002  c_w.l(libshutdown2.o)
    0x080002f2   0x080002f2   0x00000000   Code   RO         8757    .ARM.Collect$$libshutdown$$00000004  c_w.l(libshutdown2.o)
    0x080002f2   0x080002f2   0x00000000   Code   RO         8760    .ARM.Collect$$libshutdown$$00000007  c_w.l(libshutdown2.o)
    0x080002f2   0x080002f2   0x00000000   Code   RO         8763    .ARM.Collect$$libshutdown$$0000000A  c_w.l(libshutdown2.o)
    0x080002f2   0x080002f2   0x00000000   Code   RO         8765    .ARM.Collect$$libshutdown$$0000000C  c_w.l(libshutdown2.o)
    0x080002f2   0x080002f2   0x00000000   Code   RO         8768    .ARM.Collect$$libshutdown$$0000000F  c_w.l(libshutdown2.o)
    0x080002f2   0x080002f2   0x00000002   Code   RO         8769    .ARM.Collect$$libshutdown$$00000010  c_w.l(libshutdown2.o)
    0x080002f4   0x080002f4   0x00000000   Code   RO         8421    .ARM.Collect$$rtentry$$00000000  c_w.l(__rtentry.o)
    0x080002f4   0x080002f4   0x00000000   Code   RO         8551    .ARM.Collect$$rtentry$$00000002  c_w.l(__rtentry2.o)
    0x080002f4   0x080002f4   0x00000006   Code   RO         8563    .ARM.Collect$$rtentry$$00000004  c_w.l(__rtentry4.o)
    0x080002fa   0x080002fa   0x00000000   Code   RO         8553    .ARM.Collect$$rtentry$$00000009  c_w.l(__rtentry2.o)
    0x080002fa   0x080002fa   0x00000004   Code   RO         8554    .ARM.Collect$$rtentry$$0000000A  c_w.l(__rtentry2.o)
    0x080002fe   0x080002fe   0x00000000   Code   RO         8556    .ARM.Collect$$rtentry$$0000000C  c_w.l(__rtentry2.o)
    0x080002fe   0x080002fe   0x00000008   Code   RO         8557    .ARM.Collect$$rtentry$$0000000D  c_w.l(__rtentry2.o)
    0x08000306   0x08000306   0x00000002   Code   RO         8690    .ARM.Collect$$rtexit$$00000000  c_w.l(rtexit.o)
    0x08000308   0x08000308   0x00000000   Code   RO         8708    .ARM.Collect$$rtexit$$00000002  c_w.l(rtexit2.o)
    0x08000308   0x08000308   0x00000004   Code   RO         8709    .ARM.Collect$$rtexit$$00000003  c_w.l(rtexit2.o)
    0x0800030c   0x0800030c   0x00000006   Code   RO         8710    .ARM.Collect$$rtexit$$00000004  c_w.l(rtexit2.o)
    0x08000312   0x08000312   0x00000002   PAD
    0x08000314   0x08000314   0x00000040   Code   RO          609    .text               startup_stm32l475xx.o
    0x08000354   0x08000354   0x00000a44   Code   RO         7893    .text               libmpllib.lib(fast_no_motion.o)
    0x08000d98   0x08000d98   0x000006b6   Code   RO         7984    .text               libmpllib.lib(fusion_9axis.o)
    0x0800144e   0x0800144e   0x00000002   PAD
    0x08001450   0x08001450   0x000004ca   Code   RO         8009    .text               libmpllib.lib(gyro_tc.o)
    0x0800191a   0x0800191a   0x00000002   PAD
    0x0800191c   0x0800191c   0x00000994   Code   RO         8030    .text               libmpllib.lib(quaternion_supervisor.o)
    0x080022b0   0x080022b0   0x000005c0   Code   RO         8048    .text               libmpllib.lib(mag_disturb.o)
    0x08002870   0x08002870   0x00000002   Code   RO         8072    .text               c_w.l(use_no_semi_2.o)
    0x08002872   0x08002872   0x000000ee   Code   RO         8074    .text               c_w.l(lludivv7m.o)
    0x08002960   0x08002960   0x00000026   Code   RO         8076    .text               c_w.l(llshl.o)
    0x08002986   0x08002986   0x00000026   Code   RO         8078    .text               c_w.l(llsshr.o)
    0x080029ac   0x080029ac   0x00000048   Code   RO         8080    .text               c_w.l(llsdiv.o)
    0x080029f4   0x080029f4   0x00000024   Code   RO         8082    .text               c_w.l(vsprintf.o)
    0x08002a18   0x08002a18   0x00000018   Code   RO         8084    .text               c_w.l(__2printf.o)
    0x08002a30   0x08002a30   0x0000002c   Code   RO         8086    .text               c_w.l(__2sprintf.o)
    0x08002a5c   0x08002a5c   0x0000004e   Code   RO         8094    .text               c_w.l(_printf_pad.o)
    0x08002aaa   0x08002aaa   0x00000052   Code   RO         8096    .text               c_w.l(_printf_str.o)
    0x08002afc   0x08002afc   0x00000078   Code   RO         8098    .text               c_w.l(_printf_dec.o)
    0x08002b74   0x08002b74   0x0000007c   Code   RO         8100    .text               c_w.l(_printf_longlong_dec.o)
    0x08002bf0   0x08002bf0   0x00000094   Code   RO         8120    .text               c_w.l(_printf_hex_int_ll_ptr.o)
    0x08002c84   0x08002c84   0x0000018e   Code   RO         8140    .text               c_w.l(__printf_flags_ss_wp.o)
    0x08002e12   0x08002e12   0x00000058   Code   RO         8151    .text               c_w.l(memcmp.o)
    0x08002e6a   0x08002e6a   0x0000003e   Code   RO         8155    .text               c_w.l(strlen.o)
    0x08002ea8   0x08002ea8   0x0000008a   Code   RO         8159    .text               c_w.l(rt_memcpy_v6.o)
    0x08002f32   0x08002f32   0x0000007a   Code   RO         8161    .text               c_w.l(rt_memmove_w.o)
    0x08002fac   0x08002fac   0x00000044   Code   RO         8163    .text               c_w.l(rt_memclr.o)
    0x08002ff0   0x08002ff0   0x0000004e   Code   RO         8165    .text               c_w.l(rt_memclr_w.o)
    0x0800303e   0x0800303e   0x00000002   PAD
    0x08003040   0x08003040   0x00000080   Code   RO         8167    .text               c_w.l(strcmpv7m.o)
    0x080030c0   0x080030c0   0x00000006   Code   RO         8169    .text               c_w.l(heapauxi.o)
    0x080030c6   0x080030c6   0x00000002   Code   RO         8419    .text               c_w.l(use_no_semi.o)
    0x080030c8   0x080030c8   0x0000008a   Code   RO         8426    .text               c_w.l(lludiv10.o)
    0x08003152   0x08003152   0x00000016   Code   RO         8428    .text               c_w.l(_rserrno.o)
    0x08003168   0x08003168   0x00000024   Code   RO         8430    .text               c_w.l(_printf_truncate.o)
    0x0800318c   0x0800318c   0x000000b2   Code   RO         8432    .text               c_w.l(_printf_intcommon.o)
    0x0800323e   0x0800323e   0x00000028   Code   RO         8434    .text               c_w.l(_printf_charcount.o)
    0x08003266   0x08003266   0x00000424   Code   RO         8436    .text               c_w.l(_printf_fp_dec.o)
    0x0800368a   0x0800368a   0x00000002   PAD
    0x0800368c   0x0800368c   0x00000030   Code   RO         8438    .text               c_w.l(_printf_char_common.o)
    0x080036bc   0x080036bc   0x0000000a   Code   RO         8440    .text               c_w.l(_sputc.o)
    0x080036c6   0x080036c6   0x0000002c   Code   RO         8442    .text               c_w.l(_printf_char.o)
    0x080036f2   0x080036f2   0x00000002   PAD
    0x080036f4   0x080036f4   0x00000024   Code   RO         8444    .text               c_w.l(_printf_char_file.o)
    0x08003718   0x08003718   0x000000c2   Code   RO         8446    .text               c_w.l(_printf_wctomb.o)
    0x080037da   0x080037da   0x00000002   PAD
    0x080037dc   0x080037dc   0x00000070   Code   RO         8453    .text               c_w.l(_printf_oct_int_ll.o)
    0x0800384c   0x0800384c   0x00000064   Code   RO         8471    .text               c_w.l(rt_memcpy_w.o)
    0x080038b0   0x080038b0   0x00000008   Code   RO         8570    .text               c_w.l(rt_locale_intlibspace.o)
    0x080038b8   0x080038b8   0x00000008   Code   RO         8575    .text               c_w.l(rt_errno_addr_intlibspace.o)
    0x080038c0   0x080038c0   0x00000302   Code   RO         8577    .text               c_w.l(_printf_fp_hex.o)
    0x08003bc2   0x08003bc2   0x00000002   PAD
    0x08003bc4   0x08003bc4   0x00000080   Code   RO         8580    .text               c_w.l(_printf_fp_infnan.o)
    0x08003c44   0x08003c44   0x0000002c   Code   RO         8584    .text               c_w.l(_printf_wchar.o)
    0x08003c70   0x08003c70   0x000000e4   Code   RO         8586    .text               c_w.l(bigflt0.o)
    0x08003d54   0x08003d54   0x00000008   Code   RO         8611    .text               c_w.l(ferror.o)
    0x08003d5c   0x08003d5c   0x00000040   Code   RO         8615    .text               c_w.l(_wcrtomb.o)
    0x08003d9c   0x08003d9c   0x00000008   Code   RO         8624    .text               c_w.l(libspace.o)
    0x08003da4   0x08003da4   0x0000004a   Code   RO         8627    .text               c_w.l(sys_stackheap_outer.o)
    0x08003dee   0x08003dee   0x00000002   PAD
    0x08003df0   0x08003df0   0x00000010   Code   RO         8629    .text               c_w.l(rt_ctype_table.o)
    0x08003e00   0x08003e00   0x00000012   Code   RO         8631    .text               c_w.l(exit.o)
    0x08003e12   0x08003e12   0x0000003e   Code   RO         8589    CL$$btod_d2e        c_w.l(btod.o)
    0x08003e50   0x08003e50   0x00000046   Code   RO         8591    CL$$btod_d2e_denorm_low  c_w.l(btod.o)
    0x08003e96   0x08003e96   0x00000060   Code   RO         8590    CL$$btod_d2e_norm_op1  c_w.l(btod.o)
    0x08003ef6   0x08003ef6   0x00000338   Code   RO         8599    CL$$btod_div_common  c_w.l(btod.o)
    0x0800422e   0x0800422e   0x000000dc   Code   RO         8596    CL$$btod_e2e        c_w.l(btod.o)
    0x0800430a   0x0800430a   0x0000002a   Code   RO         8593    CL$$btod_ediv       c_w.l(btod.o)
    0x08004334   0x08004334   0x0000002a   Code   RO         8592    CL$$btod_emul       c_w.l(btod.o)
    0x0800435e   0x0800435e   0x00000244   Code   RO         8598    CL$$btod_mult_common  c_w.l(btod.o)
    0x080045a2   0x080045a2   0x00000002   Code   RO          384    i.BusFault_Handler  stm32l4xx_it.o
    0x080045a4   0x080045a4   0x00000002   Code   RO          385    i.DebugMon_Handler  stm32l4xx_it.o
    0x080045a6   0x080045a6   0x0000003a   Code   RO         2337    i.HAL_DMA_Abort     stm32l4xx_hal_dma.o
    0x080045e0   0x080045e0   0x0000004e   Code   RO         2338    i.HAL_DMA_Abort_IT  stm32l4xx_hal_dma.o
    0x0800462e   0x0800462e   0x00000002   PAD
    0x08004630   0x08004630   0x000001d2   Code   RO          970    i.HAL_GPIO_Init     stm32l4xx_hal_gpio.o
    0x08004802   0x08004802   0x0000000a   Code   RO          972    i.HAL_GPIO_ReadPin  stm32l4xx_hal_gpio.o
    0x0800480c   0x0800480c   0x0000000a   Code   RO          974    i.HAL_GPIO_WritePin  stm32l4xx_hal_gpio.o
    0x08004816   0x08004816   0x00000002   PAD
    0x08004818   0x08004818   0x0000000c   Code   RO          627    i.HAL_GetTick       stm32l4xx_hal.o
    0x08004824   0x08004824   0x00000010   Code   RO          631    i.HAL_IncTick       stm32l4xx_hal.o
    0x08004834   0x08004834   0x0000001e   Code   RO          632    i.HAL_Init          stm32l4xx_hal.o
    0x08004852   0x08004852   0x00000002   PAD
    0x08004854   0x08004854   0x00000030   Code   RO          633    i.HAL_InitTick      stm32l4xx_hal.o
    0x08004884   0x08004884   0x00000002   Code   RO          635    i.HAL_MspInit       stm32l4xx_hal.o
    0x08004886   0x08004886   0x00000016   Code   RO          837    i.HAL_NVIC_EnableIRQ  stm32l4xx_hal_cortex.o
    0x0800489c   0x0800489c   0x00000040   Code   RO          843    i.HAL_NVIC_SetPriority  stm32l4xx_hal_cortex.o
    0x080048dc   0x080048dc   0x00000024   Code   RO          844    i.HAL_NVIC_SetPriorityGrouping  stm32l4xx_hal_cortex.o
    0x08004900   0x08004900   0x00000068   Code   RO         1148    i.HAL_PWREx_ControlVoltageScaling  stm32l4xx_hal_pwr_ex.o
    0x08004968   0x08004968   0x00000010   Code   RO         1179    i.HAL_PWREx_GetVoltageRange  stm32l4xx_hal_pwr_ex.o
    0x08004978   0x08004978   0x00000086   Code   RO         3698    i.HAL_QSPI_Abort    stm32l4xx_hal_qspi.o
    0x080049fe   0x080049fe   0x0000008c   Code   RO         3704    i.HAL_QSPI_Command  stm32l4xx_hal_qspi.o
    0x08004a8a   0x08004a8a   0x00000002   PAD
    0x08004a8c   0x08004a8c   0x000000b0   Code   RO         3713    i.HAL_QSPI_Init     stm32l4xx_hal_qspi.o
    0x08004b3c   0x08004b3c   0x00000050   Code   RO         4556    i.HAL_QSPI_MspInit  qspi.o
    0x08004b8c   0x08004b8c   0x000000ca   Code   RO         3717    i.HAL_QSPI_Receive  stm32l4xx_hal_qspi.o
    0x08004c56   0x08004c56   0x000000c0   Code   RO         3726    i.HAL_QSPI_Transmit  stm32l4xx_hal_qspi.o
    0x08004d16   0x08004d16   0x00000002   PAD
    0x08004d18   0x08004d18   0x00000124   Code   RO         1394    i.HAL_RCC_ClockConfig  stm32l4xx_hal_rcc.o
    0x08004e3c   0x08004e3c   0x00000024   Code   RO         1400    i.HAL_RCC_GetPCLK1Freq  stm32l4xx_hal_rcc.o
    0x08004e60   0x08004e60   0x00000024   Code   RO         1401    i.HAL_RCC_GetPCLK2Freq  stm32l4xx_hal_rcc.o
    0x08004e84   0x08004e84   0x000000a8   Code   RO         1402    i.HAL_RCC_GetSysClockFreq  stm32l4xx_hal_rcc.o
    0x08004f2c   0x08004f2c   0x00000454   Code   RO         1405    i.HAL_RCC_OscConfig  stm32l4xx_hal_rcc.o
    0x08005380   0x08005380   0x000000ac   Code   RO         3358    i.HAL_SPI_Init      stm32l4xx_hal_spi.o
    0x0800542c   0x0800542c   0x000000a0   Code   RO         4511    i.HAL_SPI_MspInit   spi3.o
    0x080054cc   0x080054cc   0x00000188   Code   RO         3366    i.HAL_SPI_Transmit  stm32l4xx_hal_spi.o
    0x08005654   0x08005654   0x00000260   Code   RO         3367    i.HAL_SPI_TransmitReceive  stm32l4xx_hal_spi.o
    0x080058b4   0x080058b4   0x00000018   Code   RO          846    i.HAL_SYSTICK_CLKSourceConfig  stm32l4xx_hal_cortex.o
    0x080058cc   0x080058cc   0x00000028   Code   RO          848    i.HAL_SYSTICK_Config  stm32l4xx_hal_cortex.o
    0x080058f4   0x080058f4   0x00000036   Code   RO         2451    i.HAL_TIM_Base_Init  stm32l4xx_hal_tim.o
    0x0800592a   0x0800592a   0x00000002   Code   RO         2453    i.HAL_TIM_Base_MspInit  stm32l4xx_hal_tim.o
    0x0800592c   0x0800592c   0x00000030   Code   RO         2456    i.HAL_TIM_Base_Start_IT  stm32l4xx_hal_tim.o
    0x0800595c   0x0800595c   0x00000002   Code   RO         1998    i.HAL_UARTEx_WakeupCallback  stm32l4xx_hal_uart_ex.o
    0x0800595e   0x0800595e   0x00000002   Code   RO         1657    i.HAL_UART_ErrorCallback  stm32l4xx_hal_uart.o
    0x08005960   0x08005960   0x00000144   Code   RO         1660    i.HAL_UART_IRQHandler  stm32l4xx_hal_uart.o
    0x08005aa4   0x08005aa4   0x0000006a   Code   RO         1661    i.HAL_UART_Init     stm32l4xx_hal_uart.o
    0x08005b0e   0x08005b0e   0x00000002   PAD
    0x08005b10   0x08005b10   0x00000068   Code   RO         4203    i.HAL_UART_MspInit  usart.o
    0x08005b78   0x08005b78   0x000000ee   Code   RO         1664    i.HAL_UART_Receive  stm32l4xx_hal_uart.o
    0x08005c66   0x08005c66   0x00000002   Code   RO         1672    i.HAL_UART_TxCpltCallback  stm32l4xx_hal_uart.o
    0x08005c68   0x08005c68   0x00000002   Code   RO          386    i.HardFault_Handler  stm32l4xx_it.o
    0x08005c6a   0x08005c6a   0x0000007e   Code   RO         5008    i.ICM20608_Init     icm20608.o
    0x08005ce8   0x08005ce8   0x00000050   Code   RO         5097    i.IIC_Ack           myiic.o
    0x08005d38   0x08005d38   0x00000050   Code   RO         5098    i.IIC_Init          myiic.o
    0x08005d88   0x08005d88   0x00000050   Code   RO         5099    i.IIC_NAck          myiic.o
    0x08005dd8   0x08005dd8   0x00000068   Code   RO         5100    i.IIC_Read_Byte     myiic.o
    0x08005e40   0x08005e40   0x00000068   Code   RO         5101    i.IIC_Send_Byte     myiic.o
    0x08005ea8   0x08005ea8   0x00000050   Code   RO         5102    i.IIC_Start         myiic.o
    0x08005ef8   0x08005ef8   0x00000050   Code   RO         5103    i.IIC_Stop          myiic.o
    0x08005f48   0x08005f48   0x00000064   Code   RO         5104    i.IIC_Wait_Ack      myiic.o
    0x08005fac   0x08005fac   0x00000032   Code   RO         5009    i.MPU_Get_Accelerometer  icm20608.o
    0x08005fde   0x08005fde   0x00000032   Code   RO         5010    i.MPU_Get_Gyroscope  icm20608.o
    0x08006010   0x08006010   0x0000003a   Code   RO         5012    i.MPU_Read_Byte     icm20608.o
    0x0800604a   0x0800604a   0x0000006a   Code   RO         5013    i.MPU_Read_Len      icm20608.o
    0x080060b4   0x080060b4   0x0000000a   Code   RO         5014    i.MPU_Set_Accel_Fsr  icm20608.o
    0x080060be   0x080060be   0x0000000a   Code   RO         5015    i.MPU_Set_Gyro_Fsr  icm20608.o
    0x080060c8   0x080060c8   0x00000030   Code   RO         5016    i.MPU_Set_LPF       icm20608.o
    0x080060f8   0x080060f8   0x0000002e   Code   RO         5017    i.MPU_Set_Rate      icm20608.o
    0x08006126   0x08006126   0x0000003c   Code   RO         5018    i.MPU_Write_Byte    icm20608.o
    0x08006162   0x08006162   0x00000052   Code   RO         5019    i.MPU_Write_Len     icm20608.o
    0x080061b4   0x080061b4   0x00000002   Code   RO          387    i.MemManage_Handler  stm32l4xx_it.o
    0x080061b6   0x080061b6   0x00000002   Code   RO          388    i.NMI_Handler       stm32l4xx_it.o
    0x080061b8   0x080061b8   0x00000020   Code   RO          850    i.NVIC_SetPriority  stm32l4xx_hal_cortex.o
    0x080061d8   0x080061d8   0x00000002   Code   RO          389    i.PendSV_Handler    stm32l4xx_it.o
    0x080061da   0x080061da   0x0000017a   Code   RO         3731    i.QSPI_Config       stm32l4xx_hal_qspi.o
    0x08006354   0x08006354   0x00000040   Code   RO         4557    i.QSPI_Init         qspi.o
    0x08006394   0x08006394   0x00000024   Code   RO         4558    i.QSPI_Receive      qspi.o
    0x080063b8   0x080063b8   0x00000038   Code   RO         4559    i.QSPI_Send_CMD     qspi.o
    0x080063f0   0x080063f0   0x00000024   Code   RO         4560    i.QSPI_Transmit     qspi.o
    0x08006414   0x08006414   0x00000048   Code   RO         3738    i.QSPI_WaitFlagStateUntilTimeout  stm32l4xx_hal_qspi.o
    0x0800645c   0x0800645c   0x0000007c   Code   RO         1406    i.RCC_SetFlashLatencyFromMSIRange  stm32l4xx_hal_rcc.o
    0x080064d8   0x080064d8   0x0000001c   Code   RO         4889    i.SD_DisSelect      sd_card.o
    0x080064f4   0x080064f4   0x0000002a   Code   RO         4891    i.SD_GetCSD         sd_card.o
    0x0800651e   0x0800651e   0x00000028   Code   RO         4892    i.SD_GetResponse    sd_card.o
    0x08006546   0x08006546   0x0000006e   Code   RO         4893    i.SD_GetSectorCount  sd_card.o
    0x080065b4   0x080065b4   0x00000158   Code   RO         4894    i.SD_Init           sd_card.o
    0x0800670c   0x0800670c   0x0000006c   Code   RO         4895    i.SD_ReadDisk       sd_card.o
    0x08006778   0x08006778   0x00000032   Code   RO         4896    i.SD_RecvData       sd_card.o
    0x080067aa   0x080067aa   0x00000002   PAD
    0x080067ac   0x080067ac   0x00000054   Code   RO         4897    i.SD_SPI_Init       sd_card.o
    0x08006800   0x08006800   0x00000004   Code   RO         4898    i.SD_SPI_ReadWriteByte  sd_card.o
    0x08006804   0x08006804   0x00000020   Code   RO         4901    i.SD_Select         sd_card.o
    0x08006824   0x08006824   0x00000050   Code   RO         4902    i.SD_SendBlock      sd_card.o
    0x08006874   0x08006874   0x0000005e   Code   RO         4903    i.SD_SendCmd        sd_card.o
    0x080068d2   0x080068d2   0x00000020   Code   RO         4904    i.SD_WaitReady      sd_card.o
    0x080068f2   0x080068f2   0x00000002   PAD
    0x080068f4   0x080068f4   0x00000080   Code   RO         4905    i.SD_WriteDisk      sd_card.o
    0x08006974   0x08006974   0x00000054   Code   RO         4841    i.SPI1_Init         spi1.o
    0x080069c8   0x080069c8   0x00000020   Code   RO         4842    i.SPI1_ReadWriteByte  spi1.o
    0x080069e8   0x080069e8   0x00000034   Code   RO         4843    i.SPI1_SetSpeed     spi1.o
    0x08006a1c   0x08006a1c   0x00000018   Code   RO         4844    i.SPI1_WriteByte    spi1.o
    0x08006a34   0x08006a34   0x00000048   Code   RO         3396    i.SPI_EndRxTxTransaction  stm32l4xx_hal_spi.o
    0x08006a7c   0x08006a7c   0x00000096   Code   RO         3401    i.SPI_WaitFifoStateUntilTimeout  stm32l4xx_hal_spi.o
    0x08006b12   0x08006b12   0x00000094   Code   RO         3402    i.SPI_WaitFlagStateUntilTimeout  stm32l4xx_hal_spi.o
    0x08006ba6   0x08006ba6   0x00000002   Code   RO          390    i.SVC_Handler       stm32l4xx_it.o
    0x08006ba8   0x08006ba8   0x00000004   Code   RO          391    i.SysTick_Handler   stm32l4xx_it.o
    0x08006bac   0x08006bac   0x00000070   Code   RO         4138    i.SystemClock_Config  sys.o
    0x08006c1c   0x08006c1c   0x00000044   Code   RO          463    i.SystemInit        system_stm32l4xx.o
    0x08006c60   0x08006c60   0x00000034   Code   RO         5163    i.TIM4_IRQHandler   usmart.o
    0x08006c94   0x08006c94   0x000000c0   Code   RO         2535    i.TIM_Base_SetConfig  stm32l4xx_hal_tim.o
    0x08006d54   0x08006d54   0x00000054   Code   RO         5164    i.Timer4_Init       usmart.o
    0x08006da8   0x08006da8   0x000000c8   Code   RO         1674    i.UART_AdvFeatureConfig  stm32l4xx_hal_uart.o
    0x08006e70   0x08006e70   0x0000005c   Code   RO         1675    i.UART_CheckIdleState  stm32l4xx_hal_uart.o
    0x08006ecc   0x08006ecc   0x00000014   Code   RO         1676    i.UART_DMAAbortOnError  stm32l4xx_hal_uart.o
    0x08006ee0   0x08006ee0   0x00000020   Code   RO         1686    i.UART_EndRxTransfer  stm32l4xx_hal_uart.o
    0x08006f00   0x08006f00   0x000002bc   Code   RO         1690    i.UART_SetConfig    stm32l4xx_hal_uart.o
    0x080071bc   0x080071bc   0x00000062   Code   RO         1693    i.UART_WaitOnFlagUntilTimeout  stm32l4xx_hal_uart.o
    0x0800721e   0x0800721e   0x00000002   PAD
    0x08007220   0x08007220   0x0000006c   Code   RO         4204    i.USART1_IRQHandler  usart.o
    0x0800728c   0x0800728c   0x00000002   Code   RO          392    i.UsageFault_Handler  stm32l4xx_it.o
    0x0800728e   0x0800728e   0x00000028   Code   RO         4610    i.W25QXX_Erase_Chip  w25qxx.o
    0x080072b6   0x080072b6   0x0000002a   Code   RO         4611    i.W25QXX_Erase_Sector  w25qxx.o
    0x080072e0   0x080072e0   0x00000014   Code   RO         4612    i.W25QXX_Init       w25qxx.o
    0x080072f4   0x080072f4   0x0000002a   Code   RO         4613    i.W25QXX_Read       w25qxx.o
    0x0800731e   0x0800731e   0x0000002c   Code   RO         4614    i.W25QXX_ReadID     w25qxx.o
    0x0800734a   0x0800734a   0x00000042   Code   RO         4615    i.W25QXX_ReadSR     w25qxx.o
    0x0800738c   0x0800738c   0x0000000e   Code   RO         4616    i.W25QXX_Wait_Busy  w25qxx.o
    0x0800739a   0x0800739a   0x00000002   PAD
    0x0800739c   0x0800739c   0x000000a2   Code   RO         4617    i.W25QXX_Write      w25qxx.o
    0x0800743e   0x0800743e   0x0000001a   Code   RO         4619    i.W25QXX_Write_Enable  w25qxx.o
    0x08007458   0x08007458   0x0000003e   Code   RO         4620    i.W25QXX_Write_NoCheck  w25qxx.o
    0x08007496   0x08007496   0x00000034   Code   RO         4621    i.W25QXX_Write_Page  w25qxx.o
    0x080074ca   0x080074ca   0x00000096   Code   RO         7141    i._MLPrintLog       log_stm32.o
    0x08007560   0x08007560   0x00000030   Code   RO         8515    i.__ARM_fpclassify  m_wm.l(fpclassify.o)
    0x08007590   0x08007590   0x00000026   Code   RO         8517    i.__ARM_fpclassifyf  m_wm.l(fpclassifyf.o)
    0x080075b6   0x080075b6   0x00000002   PAD
    0x080075b8   0x080075b8   0x00000118   Code   RO         8225    i.__hardfp_acosf    m_wm.l(acosf.o)
    0x080076d0   0x080076d0   0x00000250   Code   RO         8289    i.__hardfp_atan2f   m_wm.l(atan2f.o)
    0x08007920   0x08007920   0x00000150   Code   RO         8319    i.__hardfp_cosf     m_wm.l(cosf.o)
    0x08007a70   0x08007a70   0x00000190   Code   RO         8383    i.__hardfp_sinf     m_wm.l(sinf.o)
    0x08007c00   0x08007c00   0x0000003a   Code   RO         8407    i.__hardfp_sqrtf    m_wm.l(sqrtf.o)
    0x08007c3a   0x08007c3a   0x00000006   Code   RO         8520    i.__mathlib_flt_infnan  m_wm.l(funder.o)
    0x08007c40   0x08007c40   0x00000006   Code   RO         8521    i.__mathlib_flt_infnan2  m_wm.l(funder.o)
    0x08007c46   0x08007c46   0x00000002   PAD
    0x08007c48   0x08007c48   0x00000010   Code   RO         8522    i.__mathlib_flt_invalid  m_wm.l(funder.o)
    0x08007c58   0x08007c58   0x00000010   Code   RO         8525    i.__mathlib_flt_underflow  m_wm.l(funder.o)
    0x08007c68   0x08007c68   0x00000154   Code   RO         8541    i.__mathlib_rredf2  m_wm.l(rredf.o)
    0x08007dbc   0x08007dbc   0x00000030   Code   RO         7553    i.__print_result_location  mpl.o
    0x08007dec   0x08007dec   0x0000000e   Code   RO         8133    i._is_digit         c_w.l(__printf_wp.o)
    0x08007dfa   0x08007dfa   0x00000002   Code   RO         4205    i._sys_exit         usart.o
    0x08007dfc   0x08007dfc   0x00000076   Code   RO         5360    i.change_bitmap     ff.o
    0x08007e72   0x08007e72   0x00000002   PAD
    0x08007e74   0x08007e74   0x00000074   Code   RO         5361    i.check_fs          ff.o
    0x08007ee8   0x08007ee8   0x00000010   Code   RO         5362    i.chk_chr           ff.o
    0x08007ef8   0x08007ef8   0x00000032   Code   RO         5363    i.clmt_clust        ff.o
    0x08007f2a   0x08007f2a   0x00000018   Code   RO         5364    i.clust2sect        ff.o
    0x08007f42   0x08007f42   0x00000002   PAD
    0x08007f44   0x08007f44   0x0000008a   Code   RO         5365    i.cmp_lfn           ff.o
    0x08007fce   0x08007fce   0x0000010e   Code   RO         5366    i.create_chain      ff.o
    0x080080dc   0x080080dc   0x0000021e   Code   RO         5367    i.create_name       ff.o
    0x080082fa   0x080082fa   0x00000082   Code   RO         5368    i.create_xdir       ff.o
    0x0800837c   0x0800837c   0x00000014   Code   RO         4165    i.delay_init        delay.o
    0x08008390   0x08008390   0x0000001a   Code   RO         4166    i.delay_ms          delay.o
    0x080083aa   0x080083aa   0x00000002   PAD
    0x080083ac   0x080083ac   0x00000034   Code   RO         4167    i.delay_us          delay.o
    0x080083e0   0x080083e0   0x00000058   Code   RO         5369    i.dir_alloc         ff.o
    0x08008438   0x08008438   0x00000142   Code   RO         5370    i.dir_find          ff.o
    0x0800857a   0x0800857a   0x00000104   Code   RO         5371    i.dir_next          ff.o
    0x0800867e   0x0800867e   0x000000e6   Code   RO         5372    i.dir_read          ff.o
    0x08008764   0x08008764   0x00000242   Code   RO         5373    i.dir_register      ff.o
    0x080089a6   0x080089a6   0x0000005e   Code   RO         5374    i.dir_remove        ff.o
    0x08008a04   0x08008a04   0x00000096   Code   RO         5375    i.dir_sdi           ff.o
    0x08008a9a   0x08008a9a   0x0000001c   Code   RO         5766    i.disk_initialize   diskio.o
    0x08008ab6   0x08008ab6   0x00000052   Code   RO         5767    i.disk_ioctl        diskio.o
    0x08008b08   0x08008b08   0x00000052   Code   RO         5768    i.disk_read         diskio.o
    0x08008b5a   0x08008b5a   0x00000004   Code   RO         5769    i.disk_status       diskio.o
    0x08008b5e   0x08008b5e   0x00000052   Code   RO         5770    i.disk_write        diskio.o
    0x08008bb0   0x08008bb0   0x00000064   Code   RO         5838    i.exfuns_init       exfuns.o
    0x08008c14   0x08008c14   0x0000001e   Code   RO         5376    i.f_close           ff.o
    0x08008c32   0x08008c32   0x00000014   Code   RO         5377    i.f_closedir        ff.o
    0x08008c46   0x08008c46   0x00000118   Code   RO         5378    i.f_getfree         ff.o
    0x08008d5e   0x08008d5e   0x000000f2   Code   RO         5379    i.f_getlabel        ff.o
    0x08008e50   0x08008e50   0x00000044   Code   RO         5380    i.f_gets            ff.o
    0x08008e94   0x08008e94   0x000002c2   Code   RO         5381    i.f_lseek           ff.o
    0x08009156   0x08009156   0x000001e2   Code   RO         5382    i.f_mkdir           ff.o
    0x08009338   0x08009338   0x000004ca   Code   RO         5383    i.f_mkfs            ff.o
    0x08009802   0x08009802   0x00000002   PAD
    0x08009804   0x08009804   0x0000004c   Code   RO         5384    i.f_mount           ff.o
    0x08009850   0x08009850   0x0000027c   Code   RO         5385    i.f_open            ff.o
    0x08009acc   0x08009acc   0x000000d4   Code   RO         5386    i.f_opendir         ff.o
    0x08009ba0   0x08009ba0   0x0000003c   Code   RO         5388    i.f_putc            ff.o
    0x08009bdc   0x08009bdc   0x00000046   Code   RO         5389    i.f_puts            ff.o
    0x08009c22   0x08009c22   0x0000017c   Code   RO         5390    i.f_read            ff.o
    0x08009d9e   0x08009d9e   0x00000076   Code   RO         5391    i.f_readdir         ff.o
    0x08009e14   0x08009e14   0x0000018e   Code   RO         5392    i.f_rename          ff.o
    0x08009fa2   0x08009fa2   0x00000002   PAD
    0x08009fa4   0x08009fa4   0x000001d0   Code   RO         5393    i.f_setlabel        ff.o
    0x0800a174   0x0800a174   0x00000152   Code   RO         5395    i.f_sync            ff.o
    0x0800a2c6   0x0800a2c6   0x0000010a   Code   RO         5397    i.f_unlink          ff.o
    0x0800a3d0   0x0800a3d0   0x000001da   Code   RO         5398    i.f_write           ff.o
    0x0800a5aa   0x0800a5aa   0x00000002   PAD
    0x0800a5ac   0x0800a5ac   0x0000004c   Code   RO         6071    i.ff_convert        cc936.o
    0x0800a5f8   0x0800a5f8   0x00000008   Code   RO         5771    i.ff_memalloc       diskio.o
    0x0800a600   0x0800a600   0x00000008   Code   RO         5772    i.ff_memfree        diskio.o
    0x0800a608   0x0800a608   0x00000080   Code   RO         6072    i.ff_wtoupper       cc936.o
    0x0800a688   0x0800a688   0x0000002e   Code   RO         5399    i.fill_fat_chain    ff.o
    0x0800a6b6   0x0800a6b6   0x00000092   Code   RO         5400    i.find_bitmap       ff.o
    0x0800a748   0x0800a748   0x00000356   Code   RO         5401    i.find_volume       ff.o
    0x0800aa9e   0x0800aa9e   0x000000b4   Code   RO         5402    i.follow_path       ff.o
    0x0800ab52   0x0800ab52   0x00000002   PAD
    0x0800ab54   0x0800ab54   0x00000018   Code   RO         4206    i.fputc             usart.o
    0x0800ab6c   0x0800ab6c   0x0000008c   Code   RO         5403    i.gen_numname       ff.o
    0x0800abf8   0x0800abf8   0x00000126   Code   RO         5404    i.get_fat           ff.o
    0x0800ad1e   0x0800ad1e   0x00000004   Code   RO         5773    i.get_fattime       diskio.o
    0x0800ad22   0x0800ad22   0x00000106   Code   RO         5405    i.get_fileinfo      ff.o
    0x0800ae28   0x0800ae28   0x0000003c   Code   RO         5406    i.get_ldnumber      ff.o
    0x0800ae64   0x0800ae64   0x0000008a   Code   RO         5407    i.get_xdir_info     ff.o
    0x0800aeee   0x0800aeee   0x0000005e   Code   RO            4    i.icm20608_send_data  main.o
    0x0800af4c   0x0800af4c   0x0000004c   Code   RO         6774    i.icm_configure_fifo  inv_icm20608.o
    0x0800af98   0x0800af98   0x00000030   Code   RO         6776    i.icm_get_accel_fsr  inv_icm20608.o
    0x0800afc8   0x0800afc8   0x00000040   Code   RO         6777    i.icm_get_accel_lpf  inv_icm20608.o
    0x0800b008   0x0800b008   0x00000034   Code   RO         6782    i.icm_get_gyro_fsr  inv_icm20608.o
    0x0800b03c   0x0800b03c   0x00000044   Code   RO         6783    i.icm_get_gyro_lpf  inv_icm20608.o
    0x0800b080   0x0800b080   0x0000007c   Code   RO         6789    i.icm_get_temperature  inv_icm20608.o
    0x0800b0fc   0x0800b0fc   0x000000d4   Code   RO         6791    i.icm_init          inv_icm20608.o
    0x0800b1d0   0x0800b1d0   0x00000158   Code   RO         6793    i.icm_lp_accel_mode  inv_icm20608.o
    0x0800b328   0x0800b328   0x00000156   Code   RO         6796    i.icm_read_fifo     inv_icm20608.o
    0x0800b47e   0x0800b47e   0x00000002   PAD
    0x0800b480   0x0800b480   0x000000d4   Code   RO         6800    i.icm_reset_fifo    inv_icm20608.o
    0x0800b554   0x0800b554   0x00000068   Code   RO         6804    i.icm_set_accel_fsr  inv_icm20608.o
    0x0800b5bc   0x0800b5bc   0x000000b8   Code   RO         6805    i.icm_set_accel_lpf  inv_icm20608.o
    0x0800b674   0x0800b674   0x000000dc   Code   RO         6806    i.icm_set_bypass    inv_icm20608.o
    0x0800b750   0x0800b750   0x00000084   Code   RO         6809    i.icm_set_gyro_fsr  inv_icm20608.o
    0x0800b7d4   0x0800b7d4   0x000000dc   Code   RO         6810    i.icm_set_gyro_lpf  inv_icm20608.o
    0x0800b8b0   0x0800b8b0   0x00000064   Code   RO         6811    i.icm_set_int_latched  inv_icm20608.o
    0x0800b914   0x0800b914   0x0000007c   Code   RO         6813    i.icm_set_sample_rate  inv_icm20608.o
    0x0800b990   0x0800b990   0x000000b8   Code   RO         6814    i.icm_set_sensors   inv_icm20608.o
    0x0800ba48   0x0800ba48   0x0000006a   Code   RO         6101    i.inv_apply_calibration  data_builder.o
    0x0800bab2   0x0800bab2   0x00000002   PAD
    0x0800bab4   0x0800bab4   0x00000068   Code   RO         6102    i.inv_build_accel   data_builder.o
    0x0800bb1c   0x0800bb1c   0x00000030   Code   RO         6104    i.inv_build_gyro    data_builder.o
    0x0800bb4c   0x0800bb4c   0x0000001c   Code   RO         6106    i.inv_build_temp    data_builder.o
    0x0800bb68   0x0800bb68   0x000000ac   Code   RO         7203    i.inv_compass_angle  ml_math_func.o
    0x0800bc14   0x0800bc14   0x0000005a   Code   RO         7205    i.inv_convert_to_body_with_scale  ml_math_func.o
    0x0800bc6e   0x0800bc6e   0x00000002   PAD
    0x0800bc70   0x0800bc70   0x0000003c   Code   RO         6108    i.inv_db_load_func  data_builder.o
    0x0800bcac   0x0800bcac   0x00000014   Code   RO         6109    i.inv_db_save_func  data_builder.o
    0x0800bcc0   0x0800bcc0   0x0000001c   Code   RO         6577    i.inv_enable_eMPL_outputs  empl_outputs.o
    0x0800bcdc   0x0800bcdc   0x0000001c   Code   RO         7588    i.inv_enable_results_holder  results_holder.o
    0x0800bcf8   0x0800bcf8   0x00000028   Code   RO         7823    i.inv_execute_mpl_start_notification  start_manager.o
    0x0800bd20   0x0800bd20   0x00000080   Code   RO         6112    i.inv_execute_on_data  data_builder.o
    0x0800bda0   0x0800bda0   0x000000a8   Code   RO         6578    i.inv_generate_eMPL_outputs  empl_outputs.o
    0x0800be48   0x0800be48   0x00000010   Code   RO         7589    i.inv_generate_results  results_holder.o
    0x0800be58   0x0800be58   0x00000014   Code   RO         7590    i.inv_get_6axis_quaternion  results_holder.o
    0x0800be6c   0x0800be6c   0x0000000c   Code   RO         7591    i.inv_get_acc_state  results_holder.o
    0x0800be78   0x0800be78   0x0000000c   Code   RO         6113    i.inv_get_accel_accuracy  data_builder.o
    0x0800be84   0x0800be84   0x00000010   Code   RO         6115    i.inv_get_accel_on  data_builder.o
    0x0800be94   0x0800be94   0x00000028   Code   RO         6119    i.inv_get_accel_set  data_builder.o
    0x0800bebc   0x0800bebc   0x00000018   Code   RO         7595    i.inv_get_compass_correction  results_holder.o
    0x0800bed4   0x0800bed4   0x00000010   Code   RO         6122    i.inv_get_compass_on  data_builder.o
    0x0800bee4   0x0800bee4   0x00000054   Code   RO         7597    i.inv_get_gravity   results_holder.o
    0x0800bf38   0x0800bf38   0x00000010   Code   RO         6130    i.inv_get_gyro      data_builder.o
    0x0800bf48   0x0800bf48   0x0000000c   Code   RO         6131    i.inv_get_gyro_accuracy  data_builder.o
    0x0800bf54   0x0800bf54   0x00000024   Code   RO         6132    i.inv_get_gyro_bias  data_builder.o
    0x0800bf78   0x0800bf78   0x00000018   Code   RO         6133    i.inv_get_gyro_bias_tc_set  data_builder.o
    0x0800bf90   0x0800bf90   0x00000010   Code   RO         6134    i.inv_get_gyro_on   data_builder.o
    0x0800bfa0   0x0800bfa0   0x00000018   Code   RO         7209    i.inv_get_gyro_sum_of_sqr  ml_math_func.o
    0x0800bfb8   0x0800bfb8   0x00000048   Code   RO         6140    i.inv_get_last_timestamp  data_builder.o
    0x0800c000   0x0800c000   0x0000003a   Code   RO         7601    i.inv_get_linear_accel  results_holder.o
    0x0800c03a   0x0800c03a   0x00000002   PAD
    0x0800c03c   0x0800c03c   0x00000010   Code   RO         7603    i.inv_get_local_field  results_holder.o
    0x0800c04c   0x0800c04c   0x0000001c   Code   RO         6141    i.inv_get_mag_accuracy  data_builder.o
    0x0800c068   0x0800c068   0x00000010   Code   RO         7605    i.inv_get_motion_state  results_holder.o
    0x0800c078   0x0800c078   0x00000034   Code   RO         7606    i.inv_get_quaternion  results_holder.o
    0x0800c0ac   0x0800c0ac   0x00000038   Code   RO         7608    i.inv_get_quaternion_set  results_holder.o
    0x0800c0e4   0x0800c0e4   0x000001c6   Code   RO         6581    i.inv_get_sensor_type_euler  empl_outputs.o
    0x0800c2aa   0x0800c2aa   0x00000002   PAD
    0x0800c2ac   0x0800c2ac   0x0000000c   Code   RO         7610    i.inv_got_compass_bias  results_holder.o
    0x0800c2b8   0x0800c2b8   0x0000003c   Code   RO         6144    i.inv_init_data_builder  data_builder.o
    0x0800c2f4   0x0800c2f4   0x00000074   Code   RO         7555    i.inv_init_mpl      mpl.o
    0x0800c368   0x0800c368   0x00000030   Code   RO         7611    i.inv_init_results_holder  results_holder.o
    0x0800c398   0x0800c398   0x00000014   Code   RO         7824    i.inv_init_start_manager  start_manager.o
    0x0800c3ac   0x0800c3ac   0x00000018   Code   RO         7856    i.inv_init_storage_manager  storage_manager.o
    0x0800c3c4   0x0800c3c4   0x00000022   Code   RO         7218    i.inv_orientation_matrix_to_scalar  ml_math_func.o
    0x0800c3e6   0x0800c3e6   0x0000000c   Code   RO         7219    i.inv_q29_mult      ml_math_func.o
    0x0800c3f2   0x0800c3f2   0x0000000c   Code   RO         7221    i.inv_q30_mult      ml_math_func.o
    0x0800c3fe   0x0800c3fe   0x00000024   Code   RO         7223    i.inv_q_add         ml_math_func.o
    0x0800c422   0x0800c422   0x00000042   Code   RO         7224    i.inv_q_addf        ml_math_func.o
    0x0800c464   0x0800c464   0x00000018   Code   RO         7225    i.inv_q_invert      ml_math_func.o
    0x0800c47c   0x0800c47c   0x0000002e   Code   RO         7226    i.inv_q_invertf     ml_math_func.o
    0x0800c4aa   0x0800c4aa   0x000000b0   Code   RO         7227    i.inv_q_mult        ml_math_func.o
    0x0800c55a   0x0800c55a   0x000000d2   Code   RO         7228    i.inv_q_multf       ml_math_func.o
    0x0800c62c   0x0800c62c   0x00000084   Code   RO         7229    i.inv_q_norm4       ml_math_func.o
    0x0800c6b0   0x0800c6b0   0x000000b0   Code   RO         7231    i.inv_q_normalizef  ml_math_func.o
    0x0800c760   0x0800c760   0x00000040   Code   RO         7232    i.inv_q_rotate      ml_math_func.o
    0x0800c7a0   0x0800c7a0   0x000000da   Code   RO         7234    i.inv_quaternion_to_rotation  ml_math_func.o
    0x0800c87a   0x0800c87a   0x00000002   PAD
    0x0800c87c   0x0800c87c   0x000000a8   Code   RO         6147    i.inv_register_data_cb  data_builder.o
    0x0800c924   0x0800c924   0x00000068   Code   RO         7858    i.inv_register_load_store  storage_manager.o
    0x0800c98c   0x0800c98c   0x00000020   Code   RO         7825    i.inv_register_mpl_start_notification  start_manager.o
    0x0800c9ac   0x0800c9ac   0x00000050   Code   RO         6148    i.inv_reset_compass_soft_iron_matrix  data_builder.o
    0x0800c9fc   0x0800c9fc   0x00000048   Code   RO         7236    i.inv_row_2_scale   ml_math_func.o
    0x0800ca44   0x0800ca44   0x0000000c   Code   RO         6153    i.inv_set_accel_orientation_and_scale  data_builder.o
    0x0800ca50   0x0800ca50   0x0000002c   Code   RO         6154    i.inv_set_accel_sample_rate  data_builder.o
    0x0800ca7c   0x0800ca7c   0x0000000c   Code   RO         7616    i.inv_set_compass_bias_found  results_holder.o
    0x0800ca88   0x0800ca88   0x00000020   Code   RO         7617    i.inv_set_compass_correction  results_holder.o
    0x0800caa8   0x0800caa8   0x0000000c   Code   RO         6157    i.inv_set_compass_disturbance  data_builder.o
    0x0800cab4   0x0800cab4   0x00000080   Code   RO         6163    i.inv_set_contiguous  data_builder.o
    0x0800cb34   0x0800cb34   0x0000005c   Code   RO         6165    i.inv_set_gyro_bias  data_builder.o
    0x0800cb90   0x0800cb90   0x0000000c   Code   RO         6166    i.inv_set_gyro_orientation_and_scale  data_builder.o
    0x0800cb9c   0x0800cb9c   0x00000028   Code   RO         6167    i.inv_set_gyro_sample_rate  data_builder.o
    0x0800cbc4   0x0800cbc4   0x00000014   Code   RO         7178    i.inv_set_message   message_layer.o
    0x0800cbd8   0x0800cbd8   0x00000034   Code   RO         7623    i.inv_set_motion_state  results_holder.o
    0x0800cc0c   0x0800cc0c   0x00000010   Code   RO         6586    i.inv_start_eMPL_outputs  empl_outputs.o
    0x0800cc1c   0x0800cc1c   0x00000038   Code   RO         7556    i.inv_start_mpl     mpl.o
    0x0800cc54   0x0800cc54   0x00000018   Code   RO         7624    i.inv_start_results_holder  results_holder.o
    0x0800cc6c   0x0800cc6c   0x00000020   Code   RO         7625    i.inv_store_gaming_quaternion  results_holder.o
    0x0800cc8c   0x0800cc8c   0x0000004c   Code   RO         6170    i.inv_unregister_data_cb  data_builder.o
    0x0800ccd8   0x0800ccd8   0x00000048   Code   RO         7826    i.inv_unregister_mpl_start_notification  start_manager.o
    0x0800cd20   0x0800cd20   0x00000026   Code   RO         5408    i.ld_clust          ff.o
    0x0800cd46   0x0800cd46   0x00000016   Code   RO         5409    i.ld_dword          ff.o
    0x0800cd5c   0x0800cd5c   0x00000056   Code   RO         5410    i.ld_qword          ff.o
    0x0800cdb2   0x0800cdb2   0x0000000a   Code   RO         5411    i.ld_word           ff.o
    0x0800cdbc   0x0800cdbc   0x00000038   Code   RO         5412    i.load_obj_dir      ff.o
    0x0800cdf4   0x0800cdf4   0x000000aa   Code   RO         5413    i.load_xdir         ff.o
    0x0800ce9e   0x0800ce9e   0x00000002   PAD
    0x0800cea0   0x0800cea0   0x000001b0   Code   RO            5    i.main              main.o
    0x0800d050   0x0800d050   0x00000018   Code   RO         5414    i.mem_cmp           ff.o
    0x0800d068   0x0800d068   0x00000012   Code   RO         5415    i.mem_cpy           ff.o
    0x0800d07a   0x0800d07a   0x0000000c   Code   RO         5416    i.mem_set           ff.o
    0x0800d086   0x0800d086   0x00000002   PAD
    0x0800d088   0x0800d088   0x00000014   Code   RO         5920    i.mf_close          fattester.o
    0x0800d09c   0x0800d09c   0x0000000c   Code   RO         5921    i.mf_closedir       fattester.o
    0x0800d0a8   0x0800d0a8   0x00000004   Code   RO         5922    i.mf_fmkfs          fattester.o
    0x0800d0ac   0x0800d0ac   0x00000080   Code   RO         5923    i.mf_getlabel       fattester.o
    0x0800d12c   0x0800d12c   0x00000048   Code   RO         5924    i.mf_gets           fattester.o
    0x0800d174   0x0800d174   0x00000010   Code   RO         5925    i.mf_lseek          fattester.o
    0x0800d184   0x0800d184   0x00000004   Code   RO         5926    i.mf_mkdir          fattester.o
    0x0800d188   0x0800d188   0x00000014   Code   RO         5927    i.mf_mount          fattester.o
    0x0800d19c   0x0800d19c   0x00000010   Code   RO         5928    i.mf_open           fattester.o
    0x0800d1ac   0x0800d1ac   0x0000000c   Code   RO         5929    i.mf_opendir        fattester.o
    0x0800d1b8   0x0800d1b8   0x00000014   Code   RO         5930    i.mf_putc           fattester.o
    0x0800d1cc   0x0800d1cc   0x00000014   Code   RO         5931    i.mf_puts           fattester.o
    0x0800d1e0   0x0800d1e0   0x00000152   Code   RO         5932    i.mf_read           fattester.o
    0x0800d332   0x0800d332   0x00000002   PAD
    0x0800d334   0x0800d334   0x000001a8   Code   RO         5933    i.mf_readdir        fattester.o
    0x0800d4dc   0x0800d4dc   0x00000004   Code   RO         5934    i.mf_rename         fattester.o
    0x0800d4e0   0x0800d4e0   0x0000005c   Code   RO         5935    i.mf_scan_files     fattester.o
    0x0800d53c   0x0800d53c   0x00000054   Code   RO         5936    i.mf_setlabel       fattester.o
    0x0800d590   0x0800d590   0x00000090   Code   RO         5937    i.mf_showfree       fattester.o
    0x0800d620   0x0800d620   0x0000000c   Code   RO         5938    i.mf_size           fattester.o
    0x0800d62c   0x0800d62c   0x0000000c   Code   RO         5939    i.mf_tell           fattester.o
    0x0800d638   0x0800d638   0x00000004   Code   RO         5940    i.mf_unlink         fattester.o
    0x0800d63c   0x0800d63c   0x000000b4   Code   RO         5941    i.mf_write          fattester.o
    0x0800d6f0   0x0800d6f0   0x00000032   Code   RO         5417    i.move_window       ff.o
    0x0800d722   0x0800d722   0x00000002   PAD
    0x0800d724   0x0800d724   0x000000c0   Code   RO         6816    i.mpu_mpl_get_data  inv_icm20608.o
    0x0800d7e4   0x0800d7e4   0x000000a4   Code   RO         6817    i.mpu_mpl_init      inv_icm20608.o
    0x0800d888   0x0800d888   0x00000058   Code   RO         4760    i.my_mem_free       malloc.o
    0x0800d8e0   0x0800d8e0   0x0000002c   Code   RO         4761    i.my_mem_init       malloc.o
    0x0800d90c   0x0800d90c   0x00000088   Code   RO         4762    i.my_mem_malloc     malloc.o
    0x0800d994   0x0800d994   0x0000003c   Code   RO         4763    i.my_mem_perused    malloc.o
    0x0800d9d0   0x0800d9d0   0x00000018   Code   RO         4764    i.myfree            malloc.o
    0x0800d9e8   0x0800d9e8   0x00000020   Code   RO         4765    i.mymalloc          malloc.o
    0x0800da08   0x0800da08   0x0000000c   Code   RO         4767    i.mymemset          malloc.o
    0x0800da14   0x0800da14   0x00000070   Code   RO         5418    i.pick_lfn          ff.o
    0x0800da84   0x0800da84   0x000000f6   Code   RO         5419    i.put_fat           ff.o
    0x0800db7a   0x0800db7a   0x0000003a   Code   RO         5420    i.putc_bfd          ff.o
    0x0800dbb4   0x0800dbb4   0x00000004   Code   RO         5165    i.read_addr         usmart.o
    0x0800dbb8   0x0800dbb8   0x000000e8   Code   RO         5421    i.remove_chain      ff.o
    0x0800dca0   0x0800dca0   0x00000040   Code   RO         6818    i.set_int_enable    inv_icm20608.o
    0x0800dce0   0x0800dce0   0x0000003e   Code   RO         8409    i.sqrtf             m_wm.l(sqrtf.o)
    0x0800dd1e   0x0800dd1e   0x00000028   Code   RO         5422    i.st_clust          ff.o
    0x0800dd46   0x0800dd46   0x00000010   Code   RO         5423    i.st_dword          ff.o
    0x0800dd56   0x0800dd56   0x0000004a   Code   RO         5424    i.st_qword          ff.o
    0x0800dda0   0x0800dda0   0x00000008   Code   RO         5425    i.st_word           ff.o
    0x0800dda8   0x0800dda8   0x0000006c   Code   RO         5426    i.store_xdir        ff.o
    0x0800de14   0x0800de14   0x0000001a   Code   RO         5427    i.sum_sfn           ff.o
    0x0800de2e   0x0800de2e   0x00000002   PAD
    0x0800de30   0x0800de30   0x00000088   Code   RO         5428    i.sync_fs           ff.o
    0x0800deb8   0x0800deb8   0x00000052   Code   RO         5429    i.sync_window       ff.o
    0x0800df0a   0x0800df0a   0x00000002   PAD
    0x0800df0c   0x0800df0c   0x00000044   Code   RO         4207    i.uart_init         usart.o
    0x0800df50   0x0800df50   0x00000064   Code   RO            6    i.usart1_niming_report  main.o
    0x0800dfb4   0x0800dfb4   0x00000038   Code   RO            7    i.usart1_report_imu  main.o
    0x0800dfec   0x0800dfec   0x0000001c   Code   RO            8    i.usart1_send_char  main.o
    0x0800e008   0x0800e008   0x00000094   Code   RO         5166    i.usmart_cmd_rec    usmart.o
    0x0800e09c   0x0800e09c   0x00000260   Code   RO         5167    i.usmart_exe        usmart.o
    0x0800e2fc   0x0800e2fc   0x000000a4   Code   RO         5284    i.usmart_get_aparm  usmart_str.o
    0x0800e3a0   0x0800e3a0   0x0000002e   Code   RO         5285    i.usmart_get_cmdname  usmart_str.o
    0x0800e3ce   0x0800e3ce   0x00000002   PAD
    0x0800e3d0   0x0800e3d0   0x0000016e   Code   RO         5286    i.usmart_get_fname  usmart_str.o
    0x0800e53e   0x0800e53e   0x00000002   PAD
    0x0800e540   0x0800e540   0x000000d0   Code   RO         5287    i.usmart_get_fparam  usmart_str.o
    0x0800e610   0x0800e610   0x00000024   Code   RO         5288    i.usmart_get_parmpos  usmart_str.o
    0x0800e634   0x0800e634   0x00000030   Code   RO         5168    i.usmart_get_runtime  usmart.o
    0x0800e664   0x0800e664   0x00000028   Code   RO         5169    i.usmart_init       usmart.o
    0x0800e68c   0x0800e68c   0x00000010   Code   RO         5289    i.usmart_pow        usmart_str.o
    0x0800e69c   0x0800e69c   0x00000028   Code   RO         5170    i.usmart_reset_runtime  usmart.o
    0x0800e6c4   0x0800e6c4   0x000000a4   Code   RO         5171    i.usmart_scan       usmart.o
    0x0800e768   0x0800e768   0x00000010   Code   RO         5290    i.usmart_search_nextc  usmart_str.o
    0x0800e778   0x0800e778   0x000000d6   Code   RO         5291    i.usmart_str2num    usmart_str.o
    0x0800e84e   0x0800e84e   0x00000018   Code   RO         5292    i.usmart_strcmp     usmart_str.o
    0x0800e866   0x0800e866   0x00000012   Code   RO         5293    i.usmart_strcopy    usmart_str.o
    0x0800e878   0x0800e878   0x00000012   Code   RO         5294    i.usmart_strlen     usmart_str.o
    0x0800e88a   0x0800e88a   0x00000002   PAD
    0x0800e88c   0x0800e88c   0x00000680   Code   RO         5172    i.usmart_sys_cmd_exe  usmart.o
    0x0800ef0c   0x0800ef0c   0x00000032   Code   RO         5430    i.validate          ff.o
    0x0800ef3e   0x0800ef3e   0x00000004   Code   RO         5173    i.write_addr        usmart.o
    0x0800ef42   0x0800ef42   0x00000034   Code   RO         5431    i.xdir_sum          ff.o
    0x0800ef76   0x0800ef76   0x0000003c   Code   RO         5432    i.xname_sum         ff.o
    0x0800efb2   0x0800efb2   0x00000002   PAD
    0x0800efb4   0x0800efb4   0x0000002c   Code   RO         8618    locale$$code        c_w.l(lc_numeric_c.o)
    0x0800efe0   0x0800efe0   0x0000002c   Code   RO         8695    locale$$code        c_w.l(lc_ctype_c.o)
    0x0800f00c   0x0800f00c   0x00000062   Code   RO         8173    x$fpl$d2f           fz_wm.l(d2f.o)
    0x0800f06e   0x0800f06e   0x00000002   PAD
    0x0800f070   0x0800f070   0x000002b0   Code   RO         8182    x$fpl$ddiv          fz_wm.l(ddiv.o)
    0x0800f320   0x0800f320   0x0000005e   Code   RO         8185    x$fpl$dfix          fz_wm.l(dfix.o)
    0x0800f37e   0x0800f37e   0x0000002e   Code   RO         8190    x$fpl$dflt          fz_wm.l(dflt_clz.o)
    0x0800f3ac   0x0800f3ac   0x00000154   Code   RO         8197    x$fpl$dmul          fz_wm.l(dmul.o)
    0x0800f500   0x0800f500   0x0000009c   Code   RO         8479    x$fpl$dnaninf       fz_wm.l(dnaninf.o)
    0x0800f59c   0x0800f59c   0x0000000c   Code   RO         8481    x$fpl$dretinf       fz_wm.l(dretinf.o)
    0x0800f5a8   0x0800f5a8   0x00000056   Code   RO         8201    x$fpl$f2d           fz_wm.l(f2d.o)
    0x0800f5fe   0x0800f5fe   0x00000060   Code   RO         8207    x$fpl$ffltll        fz_wm.l(ffltll_clz.o)
    0x0800f65e   0x0800f65e   0x0000008c   Code   RO         8485    x$fpl$fnaninf       fz_wm.l(fnaninf.o)
    0x0800f6ea   0x0800f6ea   0x0000000a   Code   RO         8703    x$fpl$fpinit        fz_wm.l(fpinit.o)
    0x0800f6f4   0x0800f6f4   0x0000000a   Code   RO         8487    x$fpl$fretinf       fz_wm.l(fretinf.o)
    0x0800f6fe   0x0800f6fe   0x00000002   PAD
    0x0800f700   0x0800f700   0x00000086   Code   RO         8203    x$fpl$llsfromf      fz_wm.l(ffixll.o)
    0x0800f786   0x0800f786   0x00000004   Code   RO         8209    x$fpl$printf1       fz_wm.l(printf1.o)
    0x0800f78a   0x0800f78a   0x00000004   Code   RO         8489    x$fpl$printf2       fz_wm.l(printf2.o)
    0x0800f78e   0x0800f78e   0x00000000   Code   RO         8497    x$fpl$usenofp       fz_wm.l(usenofp.o)
    0x0800f78e   0x0800f78e   0x00000002   PAD
    0x0800f790   0x0800f790   0x00000040   Data   RO          464    .constdata          system_stm32l4xx.o
    0x0800f7d0   0x0800f7d0   0x00000008   Data   RO          465    .constdata          system_stm32l4xx.o
    0x0800f7d8   0x0800f7d8   0x00000018   Data   RO         4773    .constdata          malloc.o
    0x0800f7f0   0x0800f7f0   0x0000004a   Data   RO         5433    .constdata          ff.o
    0x0800f83a   0x0800f83a   0x0002abb6   Data   RO         6073    .constdata          cc936.o
    0x0803a3f0   0x0803a3f0   0x00000027   Data   RO         6819    .constdata          inv_icm20608.o
    0x0803a417   0x0803a417   0x00000001   PAD
    0x0803a418   0x0803a418   0x0000000c   Data   RO         6820    .constdata          inv_icm20608.o
    0x0803a424   0x0803a424   0x00000030   Data   RO         6821    .constdata          inv_icm20608.o
    0x0803a454   0x0803a454   0x0000002f   Data   RO         7557    .constdata          mpl.o
    0x0803a483   0x0803a483   0x00000028   Data   RO         8121    .constdata          c_w.l(_printf_hex_int_ll_ptr.o)
    0x0803a4ab   0x0803a4ab   0x00000011   Data   RO         8141    .constdata          c_w.l(__printf_flags_ss_wp.o)
    0x0803a4bc   0x0803a4bc   0x00000008   Data   RO         8447    .constdata          c_w.l(_printf_wctomb.o)
    0x0803a4c4   0x0803a4c4   0x00000020   Data   RO         8542    .constdata          m_wm.l(rredf.o)
    0x0803a4e4   0x0803a4e4   0x00000026   Data   RO         8578    .constdata          c_w.l(_printf_fp_hex.o)
    0x0803a50a   0x0803a50a   0x00000002   PAD
    0x0803a50c   0x0803a50c   0x00000094   Data   RO         8587    .constdata          c_w.l(bigflt0.o)
    0x0803a5a0   0x0803a5a0   0x00000028   Data   RO         5175    .conststring        usmart.o
    0x0803a5c8   0x0803a5c8   0x00000289   Data   RO         5252    .conststring        usmart_config.o
    0x0803a851   0x0803a851   0x00000003   PAD
    0x0803a854   0x0803a854   0x00000044   Data   RO         6173    .conststring        data_builder.o
    0x0803a898   0x0803a898   0x00000009   Data   RO         6823    .conststring        inv_icm20608.o
    0x0803a8a1   0x0803a8a1   0x00000003   PAD
    0x0803a8a4   0x0803a8a4   0x00000020   Data   RO         8770    Region$$Table       anon$$obj.o
    0x0803a8c4   0x0803a8c4   0x0000001c   Data   RO         8617    locale$$data        c_w.l(lc_numeric_c.o)
    0x0803a8e0   0x0803a8e0   0x00000110   Data   RO         8694    locale$$data        c_w.l(lc_ctype_c.o)


    Execution Region RW_IRAM1 (Exec base: 0x20000000, Load base: 0x0803a9f0, Size: 0x000138a8, Max: 0x00018000, ABSOLUTE, COMPRESSED[0x00000100])

    Exec Addr    Load Addr    Size         Type   Attr      Idx    E Section Name        Object

    0x20000000   COMPRESSED   0x00000004   Data   RW          466    .data               system_stm32l4xx.o
    0x20000004   COMPRESSED   0x00000004   Data   RW          648    .data               stm32l4xx_hal.o
    0x20000008   COMPRESSED   0x00000004   Data   RW         4168    .data               delay.o
    0x2000000c   COMPRESSED   0x00000002   Data   RW         4209    .data               usart.o
    0x2000000e   COMPRESSED   0x00000002   PAD
    0x20000010   COMPRESSED   0x00000004   Data   RW         4210    .data               usart.o
    0x20000014   COMPRESSED   0x00000002   Data   RW         4624    .data               w25qxx.o
    0x20000016   COMPRESSED   0x00000002   PAD
    0x20000018   COMPRESSED   0x0000001c   Data   RW         4774    .data               malloc.o
    0x20000034   COMPRESSED   0x00000001   Data   RW         4906    .data               sd_card.o
    0x20000035   COMPRESSED   0x00000003   PAD
    0x20000038   COMPRESSED   0x0000001c   Data   RW         5176    .data               usmart.o
    0x20000054   COMPRESSED   0x000000c8   Data   RW         5253    .data               usmart_config.o
    0x2000011c   COMPRESSED   0x000000f4   Data   RW         5254    .data               usmart_config.o
    0x20000210   COMPRESSED   0x0000000c   Data   RW         5434    .data               ff.o
    0x2000021c   COMPRESSED   0x00000014   Data   RW         5844    .data               exfuns.o
    0x20000230   COMPRESSED   0x00000004   Data   RW         5845    .data               exfuns.o
    0x20000234   COMPRESSED   0x00000004   Data   RW         5846    .data               exfuns.o
    0x20000238   COMPRESSED   0x00000038   Data   RW         6824    .data               inv_icm20608.o
    0x20000270   COMPRESSED   0x00000004   Data   RW         6825    .data               inv_icm20608.o
    0x20000274   COMPRESSED   0x00000004   Data   RW         7179    .data               message_layer.o
    0x20000278        -       0x00000140   Zero   RW         4208    .bss                usart.o
    0x200003b8        -       0x00000044   Zero   RW         4561    .bss                qspi.o
    0x200003fc        -       0x00001000   Zero   RW         4623    .bss                w25qxx.o
    0x200013fc   COMPRESSED   0x00000004   PAD
    0x20001400        -       0x00010000   Zero   RW         4771    .bss                malloc.o
    0x20011400        -       0x00001000   Zero   RW         4772    .bss                malloc.o
    0x20012400        -       0x00000064   Zero   RW         4845    .bss                spi1.o
    0x20012464        -       0x00000040   Zero   RW         5174    .bss                usmart.o
    0x200124a4   COMPRESSED   0x00000004   PAD
    0x200124a8        -       0x00000120   Zero   RW         5840    .bss                exfuns.o
    0x200125c8        -       0x00000048   Zero   RW         5841    .bss                exfuns.o
    0x20012610        -       0x000002d8   Zero   RW         6172    .bss                data_builder.o
    0x200128e8        -       0x00000028   Zero   RW         6587    .bss                empl_outputs.o
    0x20012910        -       0x00000088   Zero   RW         7626    .bss                results_holder.o
    0x20012998        -       0x00000054   Zero   RW         7827    .bss                start_manager.o
    0x200129ec        -       0x00000198   Zero   RW         7860    .bss                storage_manager.o
    0x20012b84   COMPRESSED   0x00000004   PAD
    0x20012b88        -       0x000002a0   Zero   RW         7894    .bss                libmpllib.lib(fast_no_motion.o)
    0x20012e28        -       0x00000138   Zero   RW         7985    .bss                libmpllib.lib(fusion_9axis.o)
    0x20012f60        -       0x000001c4   Zero   RW         8010    .bss                libmpllib.lib(gyro_tc.o)
    0x20013124        -       0x0000006c   Zero   RW         8031    .bss                libmpllib.lib(quaternion_supervisor.o)
    0x20013190        -       0x000000b8   Zero   RW         8049    .bss                libmpllib.lib(mag_disturb.o)
    0x20013248        -       0x00000060   Zero   RW         8625    .bss                c_w.l(libspace.o)
    0x200132a8        -       0x00000200   Zero   RW          607    HEAP                startup_stm32l475xx.o
    0x200134a8        -       0x00000400   Zero   RW          606    STACK               startup_stm32l475xx.o



  Load Region LR$$.ARM.__AT_0x10000000 (Base: 0x10000000, Size: 0x00000000, Max: 0x00007800, ABSOLUTE)

    Execution Region ER$$.ARM.__AT_0x10000000 (Exec base: 0x10000000, Load base: 0x10000000, Size: 0x00007800, Max: 0x00007800, ABSOLUTE, UNINIT)

    Exec Addr    Load Addr    Size         Type   Attr      Idx    E Section Name        Object

    0x10000000        -       0x00007800   Zero   RW         4769    .ARM.__AT_0x10000000  malloc.o



  Load Region LR$$.ARM.__AT_0x10007800 (Base: 0x10007800, Size: 0x00000000, Max: 0x00000780, ABSOLUTE)

    Execution Region ER$$.ARM.__AT_0x10007800 (Exec base: 0x10007800, Load base: 0x10007800, Size: 0x00000780, Max: 0x00000780, ABSOLUTE, UNINIT)

    Exec Addr    Load Addr    Size         Type   Attr      Idx    E Section Name        Object

    0x10007800        -       0x00000780   Zero   RW         4770    .ARM.__AT_0x10007800  malloc.o


==============================================================================

Image component sizes


      Code (inc. data)   RO Data    RW Data    ZI Data      Debug   Object Name

       204         26     175030          0          0       2915   cc936.o
      1506        194         68          0        728      24970   data_builder.o
        98          8          0          4          0       1963   delay.o
       298          0          0          0          0       5539   diskio.o
       666         54          0          0         40       4050   empl_outputs.o
       100          6          0         28        360       2191   exfuns.o
      1638        832          0          0          0      13526   fattester.o
     13578        164         74         12          0      70510   ff.o
       646          0          0          0          0       8006   icm20608.o
      3230        138        108         60          0      23728   inv_icm20608.o
       150         10          0          0          0       1034   log_stm32.o
       710         78          0          0          0     824882   main.o
       396         48         24         28     102272       6544   malloc.o
        20          4          0          4          0       1110   message_layer.o
      1564         22          0          0          0      13116   ml_math_func.o
       220         70         47          0          0       5080   mpl.o
       708         42          0          0          0       5082   myiic.o
       272         34          0          0         68       3681   qspi.o
       594         84          0          0        136      11882   results_holder.o
      1176         32          0          1          0      11382   sd_card.o
       192         24          0          0        100       2769   spi1.o
       160         18          0          0          0       1186   spi3.o
       164         20          0          0         84       3248   start_manager.o
        64         26        392          0       1536        828   startup_stm32l475xx.o
       108         18          0          4          0       4085   stm32l4xx_hal.o
       218         14          0          0          0      30917   stm32l4xx_hal_cortex.o
       136          0          0          0          0       1767   stm32l4xx_hal_dma.o
       486         36          0          0          0       3259   stm32l4xx_hal_gpio.o
       120         20          0          0          0       1382   stm32l4xx_hal_pwr_ex.o
      1294         10          0          0          0       7901   stm32l4xx_hal_qspi.o
      1764         86          0          0          0       7132   stm32l4xx_hal_rcc.o
      1542          0          0          0          0       7608   stm32l4xx_hal_spi.o
       296         36          0          0          0       4178   stm32l4xx_hal_tim.o
      1814         72          0          0          0      10129   stm32l4xx_hal_uart.o
         2          0          0          0          0       1040   stm32l4xx_hal_uart_ex.o
        20          0          0          0          0       4022   stm32l4xx_it.o
       128          8          0          0        408       2425   storage_manager.o
       112          6          0          0          0        965   sys.o
        68         12         72          4          0       1161   system_stm32l4xx.o
       306         30          0          6        320       4813   usart.o
      2856       1354         40         28         64       8027   usmart.o
         0          0        649        444          0       3900   usmart_config.o
      1126         20          0          0          0       9615   usmart_str.o
       570         10          0          2       4096       7715   w25qxx.o

    ----------------------------------------------------------------------
     41386       3666     176543        632     110224    1171263   Object Totals
         0          0         32          0          0          0   (incl. Generated)
        66          0          7          7         12          0   (incl. Padding)

    ----------------------------------------------------------------------

      Code (inc. data)   RO Data    RW Data    ZI Data      Debug   Library Member Name

        24          4          0          0          0         84   __2printf.o
        44          6          0          0          0         84   __2sprintf.o
        90          0          0          0          0          0   __dczerorl2.o
         8          0          0          0          0         68   __main.o
       398          4         17          0          0         92   __printf_flags_ss_wp.o
        14          0          0          0          0         68   __printf_wp.o
         0          0          0          0          0          0   __rtentry.o
        12          0          0          0          0          0   __rtentry2.o
         6          0          0          0          0          0   __rtentry4.o
        52          8          0          0          0          0   __scatter.o
        28          0          0          0          0          0   __scatter_zi.o
         6          0          0          0          0          0   _printf_a.o
         6          0          0          0          0          0   _printf_c.o
        44          0          0          0          0        108   _printf_char.o
        48          6          0          0          0         96   _printf_char_common.o
        36          4          0          0          0         80   _printf_char_file.o
        40          0          0          0          0         68   _printf_charcount.o
         6          0          0          0          0          0   _printf_d.o
       120         16          0          0          0         92   _printf_dec.o
         6          0          0          0          0          0   _printf_e.o
         6          0          0          0          0          0   _printf_f.o
      1060          0          0          0          0        216   _printf_fp_dec.o
       770          8         38          0          0        100   _printf_fp_hex.o
       128         16          0          0          0         84   _printf_fp_infnan.o
         6          0          0          0          0          0   _printf_g.o
       148          4         40          0          0        160   _printf_hex_int_ll_ptr.o
         6          0          0          0          0          0   _printf_i.o
       178          0          0          0          0         88   _printf_intcommon.o
        10          0          0          0          0          0   _printf_l.o
         6          0          0          0          0          0   _printf_lc.o
        10          0          0          0          0          0   _printf_ll.o
         6          0          0          0          0          0   _printf_lld.o
         6          0          0          0          0          0   _printf_lli.o
         6          0          0          0          0          0   _printf_llo.o
         6          0          0          0          0          0   _printf_llu.o
         6          0          0          0          0          0   _printf_llx.o
       124         16          0          0          0         92   _printf_longlong_dec.o
         6          0          0          0          0          0   _printf_ls.o
         6          0          0          0          0          0   _printf_n.o
         6          0          0          0          0          0   _printf_o.o
       112         10          0          0          0        124   _printf_oct_int_ll.o
         6          0          0          0          0          0   _printf_p.o
        78          0          0          0          0        108   _printf_pad.o
         0          0          0          0          0          0   _printf_percent.o
         4          0          0          0          0          0   _printf_percent_end.o
         6          0          0          0          0          0   _printf_s.o
        82          0          0          0          0         80   _printf_str.o
        36          0          0          0          0         84   _printf_truncate.o
         6          0          0          0          0          0   _printf_u.o
        44          0          0          0          0        108   _printf_wchar.o
       194          6          8          0          0         92   _printf_wctomb.o
         6          0          0          0          0          0   _printf_x.o
        22          0          0          0          0        100   _rserrno.o
        10          0          0          0          0         68   _sputc.o
        64          0          0          0          0         92   _wcrtomb.o
       228          4        148          0          0         96   bigflt0.o
      1936        128          0          0          0        672   btod.o
        18          0          0          0          0         80   exit.o
         8          0          0          0          0         68   ferror.o
         6          0          0          0          0        152   heapauxi.o
        44         10        272          0          0         76   lc_ctype_c.o
        44         10         28          0          0         76   lc_numeric_c.o
         2          0          0          0          0          0   libinit.o
        34          0          0          0          0          0   libinit2.o
         2          0          0          0          0          0   libshutdown.o
         2          0          0          0          0          0   libshutdown2.o
         8          4          0          0         96         68   libspace.o
        72          0          0          0          0         76   llsdiv.o
        38          0          0          0          0         68   llshl.o
        38          0          0          0          0         68   llsshr.o
       138          0          0          0          0         80   lludiv10.o
       238          0          0          0          0        100   lludivv7m.o
        88          0          0          0          0         76   memcmp.o
        16          4          0          0          0         76   rt_ctype_table.o
         8          4          0          0          0         68   rt_errno_addr_intlibspace.o
         8          4          0          0          0         68   rt_locale_intlibspace.o
        68          0          0          0          0         68   rt_memclr.o
        78          0          0          0          0         80   rt_memclr_w.o
       138          0          0          0          0         68   rt_memcpy_v6.o
       100          0          0          0          0         80   rt_memcpy_w.o
       122          0          0          0          0         80   rt_memmove_w.o
         2          0          0          0          0          0   rtexit.o
        10          0          0          0          0          0   rtexit2.o
       128          0          0          0          0         68   strcmpv7m.o
        62          0          0          0          0         76   strlen.o
        74          0          0          0          0         80   sys_stackheap_outer.o
         2          0          0          0          0         68   use_no_semi.o
         2          0          0          0          0         68   use_no_semi_2.o
        36          4          0          0          0         76   vsprintf.o
        98          4          0          0          0        140   d2f.o
       688        140          0          0          0        256   ddiv.o
        94          4          0          0          0        140   dfix.o
        46          0          0          0          0        116   dflt_clz.o
       340         12          0          0          0        152   dmul.o
       156          4          0          0          0        140   dnaninf.o
        12          0          0          0          0        116   dretinf.o
        86          4          0          0          0        132   f2d.o
       134          4          0          0          0        132   ffixll.o
        96          0          0          0          0        132   ffltll_clz.o
       140          4          0          0          0        132   fnaninf.o
        10          0          0          0          0        116   fpinit.o
        10          0          0          0          0        116   fretinf.o
         4          0          0          0          0        116   printf1.o
         4          0          0          0          0        116   printf2.o
         0          0          0          0          0          0   usenofp.o
      2628         42          0          0        672      20088   fast_no_motion.o
      1718         72          0          0        312       5636   fusion_9axis.o
      1226         32          0          0        452       5735   gyro_tc.o
      1472         48          0          0        184       7614   mag_disturb.o
      2452        130          0          0        108       5637   quaternion_supervisor.o
       280         46          0          0          0        176   acosf.o
       592         90          0          0          0        184   atan2f.o
       336         56          0          0          0        136   cosf.o
        48          0          0          0          0        124   fpclassify.o
        38          0          0          0          0        116   fpclassifyf.o
        44         12          0          0          0        464   funder.o
       340         24         32          0          0        160   rredf.o
       400         56          0          0          0        212   sinf.o
       120          0          0          0          0        272   sqrtf.o

    ----------------------------------------------------------------------
     21598       1064        585          0       1824      53822   Library Totals
        30          0          2          0          0          0   (incl. Padding)

    ----------------------------------------------------------------------

      Code (inc. data)   RO Data    RW Data    ZI Data      Debug   Library Name

      7956        280        551          0         96       5216   c_w.l
      1918        176          0          0          0       2052   fz_wm.l
      9496        324          0          0       1728      44710   libmpllib.lib
      2198        284         32          0          0       1844   m_wm.l

    ----------------------------------------------------------------------
     21598       1064        585          0       1824      53822   Library Totals

    ----------------------------------------------------------------------

==============================================================================


      Code (inc. data)   RO Data    RW Data    ZI Data      Debug   

     62984       4730     177128        632     112048    1182421   Grand Totals
     62984       4730     177128        256     112048    1182421   ELF Image Totals (compressed)
     62984       4730     177128        256          0          0   ROM Totals

==============================================================================

    Total RO  Size (Code + RO Data)               240112 ( 234.48kB)
    Total RW  Size (RW Data + ZI Data)            112680 ( 110.04kB)
    Total ROM Size (Code + RO Data + RW Data)     240368 ( 234.73kB)

==============================================================================

